Archive member included to satisfy reference by file (symbol)

../Middlewares/ST/AI/Lib\NetworkRuntime1020_CM4_GCC.a(ai_platform.o)
                              ./X-CUBE-AI/App/network.o (ai_buffer_array_item_set_address)
../Middlewares/ST/AI/Lib\NetworkRuntime1020_CM4_GCC.a(ai_platform_interface.o)
                              ./X-CUBE-AI/App/network.o (ai_platform_get_weights_map)
../Middlewares/ST/AI/Lib\NetworkRuntime1020_CM4_GCC.a(core_common.o)
                              ../Middlewares/ST/AI/Lib\NetworkRuntime1020_CM4_GCC.a(ai_platform_interface.o) (core_init)
../Middlewares/ST/AI/Lib\NetworkRuntime1020_CM4_GCC.a(core_convert.o)
                              ./X-CUBE-AI/App/network.o (node_convert_integer)
../Middlewares/ST/AI/Lib\NetworkRuntime1020_CM4_GCC.a(core_mem_manager.o)
                              ../Middlewares/ST/AI/Lib\NetworkRuntime1020_CM4_GCC.a(ai_platform_interface.o) (core_mem_alloc)
../Middlewares/ST/AI/Lib\NetworkRuntime1020_CM4_GCC.a(layers.o)
                              ../Middlewares/ST/AI/Lib\NetworkRuntime1020_CM4_GCC.a(ai_platform_interface.o) (ai_check_custom_types)
../Middlewares/ST/AI/Lib\NetworkRuntime1020_CM4_GCC.a(layers_conv2d_stm32_integer.o)
                              ./X-CUBE-AI/App/network.o (forward_dense_integer_SSSA_ch)
../Middlewares/ST/AI/Lib\NetworkRuntime1020_CM4_GCC.a(layers_dw_sssa8_ch.o)
                              ./X-CUBE-AI/App/network.o (forward_dw_sssa8_ch)
../Middlewares/ST/AI/Lib\NetworkRuntime1020_CM4_GCC.a(layers_pool_stm32_integer.o)
                              ./X-CUBE-AI/App/network.o (forward_mp_integer_INT8)
../Middlewares/ST/AI/Lib\NetworkRuntime1020_CM4_GCC.a(layers_pw_sssa8_ch.o)
                              ./X-CUBE-AI/App/network.o (forward_pw_sssa8_ch)
../Middlewares/ST/AI/Lib\NetworkRuntime1020_CM4_GCC.a(layers_conv2d_integer_scratch.o)
                              ../Middlewares/ST/AI/Lib\NetworkRuntime1020_CM4_GCC.a(layers.o) (get_dense_scratch_size_s8)
../Middlewares/ST/AI/Lib\NetworkRuntime1020_CM4_GCC.a(forward_lite_convert.o)
                              ../Middlewares/ST/AI/Lib\NetworkRuntime1020_CM4_GCC.a(core_convert.o) (forward_lite_node_convert_is1os8)
../Middlewares/ST/AI/Lib\NetworkRuntime1020_CM4_GCC.a(forward_lite_dense_is8os8ws8_ch.o)
                              ../Middlewares/ST/AI/Lib\NetworkRuntime1020_CM4_GCC.a(layers_conv2d_stm32_integer.o) (forward_lite_dense_is8os8ws8_ch)
../Middlewares/ST/AI/Lib\NetworkRuntime1020_CM4_GCC.a(forward_lite_dense_is8os8ws8.o)
                              ../Middlewares/ST/AI/Lib\NetworkRuntime1020_CM4_GCC.a(layers_conv2d_stm32_integer.o) (forward_lite_dense_is8os8ws8)
../Middlewares/ST/AI/Lib\NetworkRuntime1020_CM4_GCC.a(forward_lite_maxpool_is8os8_scalepos.o)
                              ../Middlewares/ST/AI/Lib\NetworkRuntime1020_CM4_GCC.a(layers_pool_stm32_integer.o) (forward_lite_maxpool_is8os8_scalepos)
../Middlewares/ST/AI/Lib\NetworkRuntime1020_CM4_GCC.a(forward_lite_avepool_is8os8.o)
                              ../Middlewares/ST/AI/Lib\NetworkRuntime1020_CM4_GCC.a(layers_pool_stm32_integer.o) (forward_lite_avepool_is8os8)
../Middlewares/ST/AI/Lib\NetworkRuntime1020_CM4_GCC.a(forward_lite_dw_sssa8_ch.o)
                              ../Middlewares/ST/AI/Lib\NetworkRuntime1020_CM4_GCC.a(layers_dw_sssa8_ch.o) (st_dw_sssa8_ch_Wadapt)
../Middlewares/ST/AI/Lib\NetworkRuntime1020_CM4_GCC.a(forward_lite_pw_sssa8_ch.o)
                              ../Middlewares/ST/AI/Lib\NetworkRuntime1020_CM4_GCC.a(layers_pw_sssa8_ch.o) (forward_lite_pw_sssa8_ch)
../Middlewares/ST/AI/Lib\NetworkRuntime1020_CM4_GCC.a(lite_convert_kernel.o)
                              ../Middlewares/ST/AI/Lib\NetworkRuntime1020_CM4_GCC.a(forward_lite_convert.o) (lite_convert_is8of32)
../Middlewares/ST/AI/Lib\NetworkRuntime1020_CM4_GCC.a(forward_lite_maxpool_is16os16.o)
                              ../Middlewares/ST/AI/Lib\NetworkRuntime1020_CM4_GCC.a(layers_pool_stm32_integer.o) (forward_lite_maxpool_is16os16_scalepos)
../Middlewares/ST/AI/Lib\NetworkRuntime1020_CM4_GCC.a(forward_lite_maxpool_is8os8.o)
                              ../Middlewares/ST/AI/Lib\NetworkRuntime1020_CM4_GCC.a(layers_pool_stm32_integer.o) (forward_lite_maxpool_is8os8_scaleneg)
../Middlewares/ST/AI/Lib\NetworkRuntime1020_CM4_GCC.a(forward_lite_maxpool_iu16ou16.o)
                              ../Middlewares/ST/AI/Lib\NetworkRuntime1020_CM4_GCC.a(layers_pool_stm32_integer.o) (forward_lite_maxpool_iu16ou16_scalepos)
../Middlewares/ST/AI/Lib\NetworkRuntime1020_CM4_GCC.a(forward_lite_maxpool_iu8ou8.o)
                              ../Middlewares/ST/AI/Lib\NetworkRuntime1020_CM4_GCC.a(layers_pool_stm32_integer.o) (forward_lite_maxpool_iu8ou8_scalepos)
../Middlewares/ST/AI/Lib\NetworkRuntime1020_CM4_GCC.a(st_align_factor.o)
                              ../Middlewares/ST/AI/Lib\NetworkRuntime1020_CM4_GCC.a(layers_conv2d_stm32_integer.o) (align_factor)
[...]
Memory Configuration

Name             Origin             Length             Attributes
RAM              0x20000000         0x00020000         xrw
FLASH            0x08000000         0x00080000         xr
*default*        0x00000000         0xffffffff

Linker script and memory map

LOAD C:/ST/STM32CubeIDE_1.19.0/STM32CubeIDE/plugins/com.st.stm32cube.ide.mcu.externaltools.gnu-tools-for-stm32.13.3.rel1.win32_1.0.0.202411081344/tools/bin/../lib/gcc/arm-none-eabi/13.3.1/thumb/v7e-m+fp/hard/crti.o
LOAD C:/ST/STM32CubeIDE_1.19.0/STM32CubeIDE/plugins/com.st.stm32cube.ide.mcu.externaltools.gnu-tools-for-stm32.13.3.rel1.win32_1.0.0.202411081344/tools/bin/../lib/gcc/arm-none-eabi/13.3.1/thumb/v7e-m+fp/hard/crtbegin.o
LOAD C:/ST/STM32CubeIDE_1.19.0/STM32CubeIDE/plugins/com.st.stm32cube.ide.mcu.externaltools.gnu-tools-for-stm32.13.3.rel1.win32_1.0.0.202411081344/tools/bin/../lib/gcc/arm-none-eabi/13.3.1/../../../../arm-none-eabi/lib/thumb/v7e-m+fp/hard/crt0.o
LOAD ./Core/Src/accelerometer.o
LOAD ./Core/Src/heartrate.o
LOAD ./Core/Src/i2c.o
LOAD ./Core/Src/joystick.o
LOAD ./Core/Src/lcd.o
LOAD ./Core/Src/main.o
LOAD ./Core/Src/pages.o
LOAD ./Core/Src/pedometer.o
LOAD ./Core/Src/spi.o
LOAD ./Core/Src/stm32f4xx_hal_msp.o
LOAD ./Core/Src/stm32f4xx_it.o
LOAD ./Core/Src/syscalls.o
LOAD ./Core/Src/sysmem.o
LOAD ./Core/Src/system_stm32f4xx.o
LOAD ./Core/Src/systick.o
LOAD ./Core/Src/uart.o
LOAD ./Core/Src/workout_inference.o
LOAD ./Core/Startup/startup_stm32f411vetx.o
LOAD ./Drivers/STM32F4xx_HAL_Driver/Src/stm32f4xx_hal.o
LOAD ./Drivers/STM32F4xx_HAL_Driver/Src/stm32f4xx_hal_cortex.o
LOAD ./Drivers/STM32F4xx_HAL_Driver/Src/stm32f4xx_hal_dma.o
LOAD ./Drivers/STM32F4xx_HAL_Driver/Src/stm32f4xx_hal_dma_ex.o
LOAD ./Drivers/STM32F4xx_HAL_Driver/Src/stm32f4xx_hal_exti.o
LOAD ./Drivers/STM32F4xx_HAL_Driver/Src/stm32f4xx_hal_flash.o
LOAD ./Drivers/STM32F4xx_HAL_Driver/Src/stm32f4xx_hal_flash_ex.o
LOAD ./Drivers/STM32F4xx_HAL_Driver/Src/stm32f4xx_hal_flash_ramfunc.o
LOAD ./Drivers/STM32F4xx_HAL_Driver/Src/stm32f4xx_hal_gpio.o
LOAD ./Drivers/STM32F4xx_HAL_Driver/Src/stm32f4xx_hal_hcd.o
LOAD ./Drivers/STM32F4xx_HAL_Driver/Src/stm32f4xx_hal_i2c.o
LOAD ./Drivers/STM32F4xx_HAL_Driver/Src/stm32f4xx_hal_i2c_ex.o
LOAD ./Drivers/STM32F4xx_HAL_Driver/Src/stm32f4xx_hal_i2s.o
LOAD ./Drivers/STM32F4xx_HAL_Driver/Src/stm32f4xx_hal_i2s_ex.o
LOAD ./Drivers/STM32F4xx_HAL_Driver/Src/stm32f4xx_hal_pwr.o
LOAD ./Drivers/STM32F4xx_HAL_Driver/Src/stm32f4xx_hal_pwr_ex.o
LOAD ./Drivers/STM32F4xx_HAL_Driver/Src/stm32f4xx_hal_rcc.o
LOAD ./Drivers/STM32F4xx_HAL_Driver/Src/stm32f4xx_hal_rcc_ex.o
LOAD ./Drivers/STM32F4xx_HAL_Driver/Src/stm32f4xx_hal_spi.o
LOAD ./Drivers/STM32F4xx_HAL_Driver/Src/stm32f4xx_ll_usb.o
LOAD ./Middlewares/ST/STM32_USB_Host_Library/Class/CDC/Src/usbh_cdc.o
LOAD ./Middlewares/ST/STM32_USB_Host_Library/Core/Src/usbh_core.o
LOAD ./Middlewares/ST/STM32_USB_Host_Library/Core/Src/usbh_ctlreq.o
LOAD ./Middlewares/ST/STM32_USB_Host_Library/Core/Src/usbh_ioreq.o
LOAD ./Middlewares/ST/STM32_USB_Host_Library/Core/Src/usbh_pipes.o
LOAD ./USB_HOST/App/usb_host.o
LOAD ./USB_HOST/Target/usbh_conf.o
LOAD ./USB_HOST/Target/usbh_platform.o
LOAD ./X-CUBE-AI/App/network.o
LOAD ./X-CUBE-AI/App/network_data.o
LOAD ./X-CUBE-AI/App/network_data_params.o
LOAD ../Middlewares/ST/AI/Lib\NetworkRuntime1020_CM4_GCC.a
START GROUP
LOAD C:/ST/STM32CubeIDE_1.19.0/STM32CubeIDE/plugins/com.st.stm32cube.ide.mcu.externaltools.gnu-tools-for-stm32.13.3.rel1.win32_1.0.0.202411081344/tools/bin/../lib/gcc/arm-none-eabi/13.3.1/../../../../arm-none-eabi/lib/thumb/v7e-m+fp/hard\libc_nano.a
LOAD C:/ST/STM32CubeIDE_1.19.0/STM32CubeIDE/plugins/com.st.stm32cube.ide.mcu.externaltools.gnu-tools-for-stm32.13.3.rel1.win32_1.0.0.202411081344/tools/bin/../lib/gcc/arm-none-eabi/13.3.1/../../../../arm-none-eabi/lib/thumb/v7e-m+fp/hard\libm.a
END GROUP
START GROUP
LOAD C:/ST/STM32CubeIDE_1.19.0/STM32CubeIDE/plugins/com.st.stm32cube.ide.mcu.externaltools.gnu-tools-for-stm32.13.3.rel1.win32_1.0.0.202411081344/tools/bin/../lib/gcc/arm-none-eabi/13.3.1/thumb/v7e-m+fp/hard\libgcc.a
LOAD C:/ST/STM32CubeIDE_1.19.0/STM32CubeIDE/plugins/com.st.stm32cube.ide.mcu.externaltools.gnu-tools-for-stm32.13.3.rel1.win32_1.0.0.202411081344/tools/bin/../lib/gcc/arm-none-eabi/13.3.1/../../../../arm-none-eabi/lib/thumb/v7e-m+fp/hard\libc_nano.a
END GROUP
START GROUP
LOAD C:/ST/STM32CubeIDE_1.19.0/STM32CubeIDE/plugins/com.st.stm32cube.ide.mcu.externaltools.gnu-tools-for-stm32.13.3.rel1.win32_1.0.0.202411081344/tools/bin/../lib/gcc/arm-none-eabi/13.3.1/thumb/v7e-m+fp/hard\libgcc.a
LOAD C:/ST/STM32CubeIDE_1.19.0/STM32CubeIDE/plugins/com.st.stm32cube.ide.mcu.externaltools.gnu-tools-for-stm32.13.3.rel1.win32_1.0.0.202411081344/tools/bin/../lib/gcc/arm-none-eabi/13.3.1/../../../../arm-none-eabi/lib/thumb/v7e-m+fp/hard\libc_nano.a
LOAD C:/ST/STM32CubeIDE_1.19.0/STM32CubeIDE/plugins/com.st.stm32cube.ide.mcu.externaltools.gnu-tools-for-stm32.13.3.rel1.win32_1.0.0.202411081344/tools/bin/../lib/gcc/arm-none-eabi/13.3.1/../../../../arm-none-eabi/lib/thumb/v7e-m+fp/hard\libnosys.a
END GROUP
START GROUP
LOAD C:/ST/STM32CubeIDE_1.19.0/STM32CubeIDE/plugins/com.st.stm32cube.ide.mcu.externaltools.gnu-tools-for-stm32.13.3.rel1.win32_1.0.0.202411081344/tools/bin/../lib/gcc/arm-none-eabi/13.3.1/thumb/v7e-m+fp/hard\libgcc.a
LOAD C:/ST/STM32CubeIDE_1.19.0/STM32CubeIDE/plugins/com.st.stm32cube.ide.mcu.externaltools.gnu-tools-for-stm32.13.3.rel1.win32_1.0.0.202411081344/tools/bin/../lib/gcc/arm-none-eabi/13.3.1/../../../../arm-none-eabi/lib/thumb/v7e-m+fp/hard\libc_nano.a
LOAD C:/ST/STM32CubeIDE_1.19.0/STM32CubeIDE/plugins/com.st.stm32cube.ide.mcu.externaltools.gnu-tools-for-stm32.13.3.rel1.win32_1.0.0.202411081344/tools/bin/../lib/gcc/arm-none-eabi/13.3.1/../../../../arm-none-eabi/lib/thumb/v7e-m+fp/hard\libnosys.a
END GROUP
LOAD C:/ST/STM32CubeIDE_1.19.0/STM32CubeIDE/plugins/com.st.stm32cube.ide.mcu.externaltools.gnu-tools-for-stm32.13.3.rel1.win32_1.0.0.202411081344/tools/bin/../lib/gcc/arm-none-eabi/13.3.1/thumb/v7e-m+fp/hard/crtend.o
LOAD C:/ST/STM32CubeIDE_1.19.0/STM32CubeIDE/plugins/com.st.stm32cube.ide.mcu.externaltools.gnu-tools-for-stm32.13.3.rel1.win32_1.0.0.202411081344/tools/bin/../lib/gcc/arm-none-eabi/13.3.1/thumb/v7e-m+fp/hard/crtn.o
                0x20020000                        _estack = (ORIGIN (RAM) + LENGTH (RAM))
                0x00000800                        _Min_Heap_Size = 0x800
                0x00000800                        _Min_Stack_Size = 0x800

.isr_vector     0x08000000      0x198
                0x08000000                        . = ALIGN (0x4)
 *(.isr_vector)
 .isr_vector    0x08000000      0x198 ./Core/Startup/startup_stm32f411vetx.o
                0x08000000                g_pfnVectors
                0x08000198                        . = ALIGN (0x4)

.text           0x080001a0    0x10a38
                0x080001a0                        . = ALIGN (0x4)
 *(.text)
 .text          0x080001a0       0x40 C:/ST/STM32CubeIDE_1.19.0/STM32CubeIDE/plugins/com.st.stm32cube.ide.mcu.externaltools.gnu-tools-for-stm32.13.3.rel1.win32_1.0.0.202411081344/tools/bin/../lib/gcc/arm-none-eabi/13.3.1/thumb/v7e-m+fp/hard/crtbegin.o
 .text          0x080001e0       0x14 C:/ST/STM32CubeIDE_1.19.0/STM32CubeIDE/plugins/com.st.stm32cube.ide.mcu.externaltools.gnu-tools-for-stm32.13.3.rel1.win32_1.0.0.202411081344/tools/bin/../lib/gcc/arm-none-eabi/13.3.1/../../../../arm-none-eabi/lib/thumb/v7e-m+fp/hard\libc_nano.a(libc_a-strcmp.o)
                0x080001e0                strcmp
 *fill*         0x080001f4        0xc 
 .text          0x08000200       0xa0 C:/ST/STM32CubeIDE_1.19.0/STM32CubeIDE/plugins/com.st.stm32cube.ide.mcu.externaltools.gnu-tools-for-stm32.13.3.rel1.win32_1.0.0.202411081344/tools/bin/../lib/gcc/arm-none-eabi/13.3.1/../../../../arm-none-eabi/lib/thumb/v7e-m+fp/hard\libc_nano.a(libc_a-memchr.o)
                0x08000200                memchr
 .text          0x080002a0       0x10 C:/ST/STM32CubeIDE_1.19.0/STM32CubeIDE/plugins/com.st.stm32cube.ide.mcu.externaltools.gnu-tools-for-stm32.13.3.rel1.win32_1.0.0.202411081344/tools/bin/../lib/gcc/arm-none-eabi/13.3.1/../../../../arm-none-eabi/lib/thumb/v7e-m+fp/hard\libc_nano.a(libc_a-strlen.o)
                0x080002a0                strlen
 .text          0x080002b0      0x378 C:/ST/STM32CubeIDE_1.19.0/STM32CubeIDE/plugins/com.st.stm32cube.ide.mcu.externaltools.gnu-tools-for-stm32.13.3.rel1.win32_1.0.0.202411081344/tools/bin/../lib/gcc/arm-none-eabi/13.3.1/thumb/v7e-m+fp/hard\libgcc.a(_arm_addsubdf3.o)
                0x080002b0                __aeabi_drsub
                0x080002b8                __aeabi_dsub
                0x080002b8                __subdf3
                0x080002bc                __aeabi_dadd
                0x080002bc                __adddf3
                0x08000534                __floatunsidf
                0x08000534                __aeabi_ui2d
                0x08000554                __floatsidf
                0x08000554                __aeabi_i2d
                0x08000578                __aeabi_f2d
                0x08000578                __extendsfdf2
                0x080005bc                __floatundidf
                0x080005bc                __aeabi_ul2d
                0x080005cc                __floatdidf
                0x080005cc                __aeabi_l2d
 .text          0x08000628      0x424 C:/ST/STM32CubeIDE_1.19.0/STM32CubeIDE/plugins/com.st.stm32cube.ide.mcu.externaltools.gnu-tools-for-stm32.13.3.rel1.win32_1.0.0.202411081344/tools/bin/../lib/gcc/arm-none-eabi/13.3.1/thumb/v7e-m+fp/hard\libgcc.a(_arm_muldivdf3.o)
                0x08000628                __aeabi_dmul
                0x08000628                __muldf3
                0x0800087c                __divdf3
                0x0800087c                __aeabi_ddiv
 .text          0x08000a4c      0x110 C:/ST/STM32CubeIDE_1.19.0/STM32CubeIDE/plugins/com.st.stm32cube.ide.mcu.externaltools.gnu-tools-for-stm32.13.3.rel1.win32_1.0.0.202411081344/tools/bin/../lib/gcc/arm-none-eabi/13.3.1/thumb/v7e-m+fp/hard\libgcc.a(_arm_cmpdf2.o)
                0x08000a4c                __gtdf2
                0x08000a4c                __gedf2
                0x08000a54                __ltdf2
                0x08000a54                __ledf2
                0x08000a5c                __nedf2
                0x08000a5c                __eqdf2
                0x08000a5c                __cmpdf2
                0x08000ad8                __aeabi_cdrcmple
                0x08000ae8                __aeabi_cdcmpeq
                0x08000ae8                __aeabi_cdcmple
                0x08000af8                __aeabi_dcmpeq
                0x08000b0c                __aeabi_dcmplt
                0x08000b20                __aeabi_dcmple
                0x08000b34                __aeabi_dcmpge
                0x08000b48                __aeabi_dcmpgt
 .text          0x08000b5c       0x2c C:/ST/STM32CubeIDE_1.19.0/STM32CubeIDE/plugins/com.st.stm32cube.ide.mcu.externaltools.gnu-tools-for-stm32.13.3.rel1.win32_1.0.0.202411081344/tools/bin/../lib/gcc/arm-none-eabi/13.3.1/thumb/v7e-m+fp/hard\libgcc.a(_arm_unorddf2.o)
                0x08000b5c                __unorddf2
                0x08000b5c                __aeabi_dcmpun
 .text          0x08000b88       0x50 C:/ST/STM32CubeIDE_1.19.0/STM32CubeIDE/plugins/com.st.stm32cube.ide.mcu.externaltools.gnu-tools-for-stm32.13.3.rel1.win32_1.0.0.202411081344/tools/bin/../lib/gcc/arm-none-eabi/13.3.1/thumb/v7e-m+fp/hard\libgcc.a(_arm_fixdfsi.o)
                0x08000b88                __aeabi_d2iz
                0x08000b88                __fixdfsi
 .text          0x08000bd8       0xa0 C:/ST/STM32CubeIDE_1.19.0/STM32CubeIDE/plugins/com.st.stm32cube.ide.mcu.externaltools.gnu-tools-for-stm32.13.3.rel1.win32_1.0.0.202411081344/tools/bin/../lib/gcc/arm-none-eabi/13.3.1/thumb/v7e-m+fp/hard\libgcc.a(_arm_truncdfsf2.o)
                0x08000bd8                __truncdfsf2
                0x08000bd8                __aeabi_d2f
 .text          0x08000c78       0x30 C:/ST/STM32CubeIDE_1.19.0/STM32CubeIDE/plugins/com.st.stm32cube.ide.mcu.externaltools.gnu-tools-for-stm32.13.3.rel1.win32_1.0.0.202411081344/tools/bin/../lib/gcc/arm-none-eabi/13.3.1/thumb/v7e-m+fp/hard\libgcc.a(_aeabi_uldivmod.o)
                0x08000c78                __aeabi_uldivmod
 .text          0x08000ca8      0x2f8 C:/ST/STM32CubeIDE_1.19.0/STM32CubeIDE/plugins/com.st.stm32cube.ide.mcu.externaltools.gnu-tools-for-stm32.13.3.rel1.win32_1.0.0.202411081344/tools/bin/../lib/gcc/arm-none-eabi/13.3.1/thumb/v7e-m+fp/hard\libgcc.a(_udivmoddi4.o)
                0x08000ca8                __udivmoddi4
 .text          0x08000fa0        0x4 C:/ST/STM32CubeIDE_1.19.0/STM32CubeIDE/plugins/com.st.stm32cube.ide.mcu.externaltools.gnu-tools-for-stm32.13.3.rel1.win32_1.0.0.202411081344/tools/bin/../lib/gcc/arm-none-eabi/13.3.1/thumb/v7e-m+fp/hard\libgcc.a(_dvmd_tls.o)
                0x08000fa0                __aeabi_idiv0
                0x08000fa0                __aeabi_ldiv0
 *(.text*)
 .text.Accel_Init
                0x08000fa4       0x38 ./Core/Src/accelerometer.o
                0x08000fa4                Accel_Init
 .text.convert_to_gs
                0x08000fdc       0x6c ./Core/Src/accelerometer.o
                0x08000fdc                convert_to_gs
 .text.Accel_ReadRaw
                0x08001048       0x8a ./Core/Src/accelerometer.o
                0x08001048                Accel_ReadRaw
 *fill*         0x080010d2        0x2 
 .text.MAX30102_Init
                0x080010d4       0xfc ./Core/Src/heartrate.o
                0x080010d4                MAX30102_Init
 .text.MAX30102_ReadTemperature
                0x080011d0       0x58 ./Core/Src/heartrate.o
                0x080011d0                MAX30102_ReadTemperature
 .text.MAX30102_ReadFIFO
                0x08001228       0xb8 ./Core/Src/heartrate.o
                0x08001228                MAX30102_ReadFIFO
 .text.IsIncreasing
                0x080012e0       0x6c ./Core/Src/heartrate.o
 .text.CalculateHeartRate
                0x0800134c      0x160 ./Core/Src/heartrate.o
 *fill*         0x080014ac        0x4 
 .text.CalculateSpO2
                0x080014b0      0x21c ./Core/Src/heartrate.o
 .text.MAX30102_Update
                0x080016cc       0x82 ./Core/Src/heartrate.o
                0x080016cc                MAX30102_Update
 *fill*         0x0800174e        0x2 
 .text.init_i2c
                0x08001750       0xc4 ./Core/Src/i2c.o
                0x08001750                init_i2c
 .text.write_reg_accel
                0x08001814       0x38 ./Core/Src/i2c.o
                0x08001814                write_reg_accel
 .text.read_regs_accel
                0x0800184c       0x40 ./Core/Src/i2c.o
                0x0800184c                read_regs_accel
 .text.checkDevice_accel
                0x0800188c       0x24 ./Core/Src/i2c.o
                0x0800188c                checkDevice_accel
 .text.write_reg_hr
                0x080018b0       0x38 ./Core/Src/i2c.o
                0x080018b0                write_reg_hr
 .text.read_reg_hr
                0x080018e8       0x34 ./Core/Src/i2c.o
                0x080018e8                read_reg_hr
 .text.read_regs_hr
                0x0800191c       0x38 ./Core/Src/i2c.o
                0x0800191c                read_regs_hr
 .text.checkDevice_hr
                0x08001954       0x24 ./Core/Src/i2c.o
                0x08001954                checkDevice_hr
 .text.Joystick_Init
                0x08001978       0xbc ./Core/Src/joystick.o
                0x08001978                Joystick_Init
 .text.Joystick_Read
                0x08001a34       0x30 ./Core/Src/joystick.o
                0x08001a34                Joystick_Read
 .text.HandleJoystick
                0x08001a64       0x94 ./Core/Src/joystick.o
                0x08001a64                HandleJoystick
 .text.LCD_SendCommand
                0x08001af8       0x38 ./Core/Src/lcd.o
 .text.LCD_SendData
                0x08001b30       0x38 ./Core/Src/lcd.o
 .text.LCD_SendData16
                0x08001b68       0x2a ./Core/Src/lcd.o
 .text.LCD_SetAddressWindow
                0x08001b92       0xb8 ./Core/Src/lcd.o
 *fill*         0x08001c4a        0x2 
 .text.LCD_GPIO_Init
                0x08001c4c       0xd8 ./Core/Src/lcd.o
 .text.LCD_Init
                0x08001d24       0xa4 ./Core/Src/lcd.o
                0x08001d24                LCD_Init
 .text.LCD_Clear
                0x08001dc8       0x24 ./Core/Src/lcd.o
                0x08001dc8                LCD_Clear
 .text.LCD_DrawPixel
                0x08001dec       0x2e ./Core/Src/lcd.o
                0x08001dec                LCD_DrawPixel
 .text.LCD_DrawRect
                0x08001e1a       0xa0 ./Core/Src/lcd.o
                0x08001e1a                LCD_DrawRect
 *fill*         0x08001eba        0x2 
 .text.LCD_FillRect
                0x08001ebc       0x74 ./Core/Src/lcd.o
                0x08001ebc                LCD_FillRect
 .text.LCD_DrawChar
                0x08001f30       0xe8 ./Core/Src/lcd.o
                0x08001f30                LCD_DrawChar
 .text.LCD_DrawString
                0x08002018       0x96 ./Core/Src/lcd.o
                0x08002018                LCD_DrawString
 *fill*         0x080020ae        0x2 
 .text.OpeningScreen_Slide
                0x080020b0       0x7c ./Core/Src/lcd.o
                0x080020b0                OpeningScreen_Slide
 .text.SystemClock_Config
                0x0800212c       0xc0 ./Core/Src/main.o
                0x0800212c                SystemClock_Config
 .text.main     0x080021ec      0x284 ./Core/Src/main.o
                0x080021ec                main
 .text.Pages_Display
                0x08002470       0xe8 ./Core/Src/pages.o
                0x08002470                Pages_Display
 .text.Pages_UpdateTime
                0x08002558       0x58 ./Core/Src/pages.o
                0x08002558                Pages_UpdateTime
 .text.Pages_UpdateStats
                0x080025b0       0x54 ./Core/Src/pages.o
                0x080025b0                Pages_UpdateStats
 .text.Pages_UpdateWorkout
                0x08002604       0x64 ./Core/Src/pages.o
                0x08002604                Pages_UpdateWorkout
 .text.Pages_NextPage
                0x08002668       0x30 ./Core/Src/pages.o
                0x08002668                Pages_NextPage
 .text.Pages_PrevPage
                0x08002698       0x30 ./Core/Src/pages.o
                0x08002698                Pages_PrevPage
 .text.Pages_AddText
                0x080026c8       0xd4 ./Core/Src/pages.o
                0x080026c8                Pages_AddText
 .text.DrawAnalogClock
                0x0800279c      0x3c8 ./Core/Src/pages.o
 .text.DrawDigitalClock
                0x08002b64       0x70 ./Core/Src/pages.o
 .text.DrawWorkoutIcon
                0x08002bd4       0xd0 ./Core/Src/pages.o
 .text.DrawWorkoutsPage
                0x08002ca4      0x12c ./Core/Src/pages.o
 .text.DrawStatsPage
                0x08002dd0      0x274 ./Core/Src/pages.o
 .text.DrawTextsPage
                0x08003044       0xfc ./Core/Src/pages.o
 .text.CalculateBMR
                0x08003140       0xec ./Core/Src/pedometer.o
                0x08003140                CalculateBMR
 .text.Pedometer_Update
                0x0800322c       0x94 ./Core/Src/pedometer.o
                0x0800322c                Pedometer_Update
 .text.Pedometer_GetStats
                0x080032c0       0x84 ./Core/Src/pedometer.o
                0x080032c0                Pedometer_GetStats
 .text.SPI1_Init
                0x08003344       0xe4 ./Core/Src/spi.o
                0x08003344                SPI1_Init
 .text.SPI1_WriteByte
                0x08003428       0x24 ./Core/Src/spi.o
                0x08003428                SPI1_WriteByte
 .text.HAL_MspInit
                0x0800344c       0x50 ./Core/Src/stm32f4xx_hal_msp.o
                0x0800344c                HAL_MspInit
 .text.HAL_I2C_MspInit
                0x0800349c       0x90 ./Core/Src/stm32f4xx_hal_msp.o
                0x0800349c                HAL_I2C_MspInit
 .text.HAL_SPI_MspInit
                0x0800352c       0x90 ./Core/Src/stm32f4xx_hal_msp.o
                0x0800352c                HAL_SPI_MspInit
 .text.NMI_Handler
                0x080035bc        0x8 ./Core/Src/stm32f4xx_it.o
                0x080035bc                NMI_Handler
 .text.HardFault_Handler
                0x080035c4        0x8 ./Core/Src/stm32f4xx_it.o
                0x080035c4                HardFault_Handler
 .text.MemManage_Handler
                0x080035cc        0x8 ./Core/Src/stm32f4xx_it.o
                0x080035cc                MemManage_Handler
 .text.BusFault_Handler
                0x080035d4        0x8 ./Core/Src/stm32f4xx_it.o
                0x080035d4                BusFault_Handler
 .text.UsageFault_Handler
                0x080035dc        0x8 ./Core/Src/stm32f4xx_it.o
                0x080035dc                UsageFault_Handler
 .text.SVC_Handler
                0x080035e4        0xe ./Core/Src/stm32f4xx_it.o
                0x080035e4                SVC_Handler
 .text.DebugMon_Handler
                0x080035f2        0xe ./Core/Src/stm32f4xx_it.o
                0x080035f2                DebugMon_Handler
 .text.PendSV_Handler
                0x08003600        0xe ./Core/Src/stm32f4xx_it.o
                0x08003600                PendSV_Handler
 *fill*         0x0800360e        0x2 
 .text.OTG_FS_IRQHandler
                0x08003610       0x14 ./Core/Src/stm32f4xx_it.o
                0x08003610                OTG_FS_IRQHandler
 .text._getpid  0x08003624       0x10 ./Core/Src/syscalls.o
                0x08003624                _getpid
 .text._kill    0x08003634       0x20 ./Core/Src/syscalls.o
                0x08003634                _kill
 .text._exit    0x08003654       0x16 ./Core/Src/syscalls.o
                0x08003654                _exit
 .text._read    0x0800366a       0x3a ./Core/Src/syscalls.o
                0x0800366a                _read
 .text._write   0x080036a4       0x38 ./Core/Src/syscalls.o
                0x080036a4                _write
 .text._close   0x080036dc       0x18 ./Core/Src/syscalls.o
                0x080036dc                _close
 .text._fstat   0x080036f4       0x20 ./Core/Src/syscalls.o
                0x080036f4                _fstat
 .text._isatty  0x08003714       0x16 ./Core/Src/syscalls.o
                0x08003714                _isatty
 .text._lseek   0x0800372a       0x1a ./Core/Src/syscalls.o
                0x0800372a                _lseek
 .text._sbrk    0x08003744       0x6c ./Core/Src/sysmem.o
                0x08003744                _sbrk
 .text.SystemInit
                0x080037b0       0x24 ./Core/Src/system_stm32f4xx.o
                0x080037b0                SystemInit
 .text.SysTick_Handler
                0x080037d4       0xb8 ./Core/Src/systick.o
                0x080037d4                SysTick_Handler
 .text.putchar_polled
                0x0800388c       0x2c ./Core/Src/uart.o
                0x0800388c                putchar_polled
 .text.getchar_nonblocking
                0x080038b8       0x28 ./Core/Src/uart.o
                0x080038b8                getchar_nonblocking
 .text.UART_ProcessInput
                0x080038e0       0xc4 ./Core/Src/uart.o
                0x080038e0                UART_ProcessInput
 .text.UART_TextReady
                0x080039a4       0x18 ./Core/Src/uart.o
                0x080039a4                UART_TextReady
 .text.UART_GetLine
                0x080039bc       0x34 ./Core/Src/uart.o
                0x080039bc                UART_GetLine
 .text.sendString
                0x080039f0       0x2a ./Core/Src/uart.o
                0x080039f0                sendString
 *fill*         0x08003a1a        0x2 
 .text.sendStringGreen
                0x08003a1c       0x2c ./Core/Src/uart.o
                0x08003a1c                sendStringGreen
 .text.UART_Init
                0x08003a48       0xbc ./Core/Src/uart.o
                0x08003a48                UART_Init
 .text.Workout_Init
                0x08003b04      0x110 ./Core/Src/workout_inference.o
                0x08003b04                Workout_Init
 .text.Workout_AddSample
                0x08003c14      0x13c ./Core/Src/workout_inference.o
                0x08003c14                Workout_AddSample
 .text.Workout_ShouldInfer
                0x08003d50       0x18 ./Core/Src/workout_inference.o
                0x08003d50                Workout_ShouldInfer
 .text.prepare_input_buffer
                0x08003d68       0x88 ./Core/Src/workout_inference.o
 .text.Workout_RunInference
                0x08003df0      0x168 ./Core/Src/workout_inference.o
                0x08003df0                Workout_RunInference
 .text.Workout_GetName
                0x08003f58       0x30 ./Core/Src/workout_inference.o
                0x08003f58                Workout_GetName
 .text.Reset_Handler
                0x08003f88       0x50 ./Core/Startup/startup_stm32f411vetx.o
                0x08003f88                Reset_Handler
 .text.Default_Handler
                0x08003fd8        0x2 ./Core/Startup/startup_stm32f411vetx.o
                0x08003fd8                RTC_Alarm_IRQHandler
                0x08003fd8                EXTI2_IRQHandler
                0x08003fd8                SPI4_IRQHandler
                0x08003fd8                TIM1_CC_IRQHandler
                0x08003fd8                DMA2_Stream5_IRQHandler
                0x08003fd8                DMA1_Stream5_IRQHandler
                0x08003fd8                PVD_IRQHandler
                0x08003fd8                SDIO_IRQHandler
                0x08003fd8                TAMP_STAMP_IRQHandler
                0x08003fd8                EXTI3_IRQHandler
                0x08003fd8                TIM1_UP_TIM10_IRQHandler
                0x08003fd8                I2C3_ER_IRQHandler
                0x08003fd8                EXTI0_IRQHandler
                0x08003fd8                I2C2_EV_IRQHandler
                0x08003fd8                DMA1_Stream2_IRQHandler
                0x08003fd8                FPU_IRQHandler
                0x08003fd8                DMA2_Stream2_IRQHandler
                0x08003fd8                SPI1_IRQHandler
                0x08003fd8                TIM1_BRK_TIM9_IRQHandler
                0x08003fd8                DMA2_Stream3_IRQHandler
                0x08003fd8                USART6_IRQHandler
                0x08003fd8                DMA2_Stream0_IRQHandler
                0x08003fd8                TIM4_IRQHandler
                0x08003fd8                I2C1_EV_IRQHandler
                0x08003fd8                DMA1_Stream6_IRQHandler
                0x08003fd8                DMA1_Stream1_IRQHandler
                0x08003fd8                TIM3_IRQHandler
                0x08003fd8                RCC_IRQHandler
                0x08003fd8                Default_Handler
                0x08003fd8                EXTI15_10_IRQHandler
                0x08003fd8                ADC_IRQHandler
                0x08003fd8                DMA1_Stream7_IRQHandler
                0x08003fd8                SPI5_IRQHandler
                0x08003fd8                TIM5_IRQHandler
                0x08003fd8                DMA2_Stream7_IRQHandler
                0x08003fd8                I2C3_EV_IRQHandler
                0x08003fd8                EXTI9_5_IRQHandler
                0x08003fd8                RTC_WKUP_IRQHandler
                0x08003fd8                SPI2_IRQHandler
                0x08003fd8                DMA1_Stream0_IRQHandler
                0x08003fd8                EXTI4_IRQHandler
                0x08003fd8                WWDG_IRQHandler
                0x08003fd8                TIM2_IRQHandler
                0x08003fd8                OTG_FS_WKUP_IRQHandler
                0x08003fd8                TIM1_TRG_COM_TIM11_IRQHandler
                0x08003fd8                EXTI1_IRQHandler
                0x08003fd8                USART2_IRQHandler
                0x08003fd8                I2C2_ER_IRQHandler
                0x08003fd8                DMA2_Stream1_IRQHandler
                0x08003fd8                FLASH_IRQHandler
                0x08003fd8                DMA2_Stream4_IRQHandler
                0x08003fd8                USART1_IRQHandler
                0x08003fd8                SPI3_IRQHandler
                0x08003fd8                DMA1_Stream4_IRQHandler
                0x08003fd8                I2C1_ER_IRQHandler
                0x08003fd8                DMA2_Stream6_IRQHandler
                0x08003fd8                DMA1_Stream3_IRQHandler
 *fill*         0x08003fda        0x2 
 .text.HAL_Init
                0x08003fdc       0x44 ./Drivers/STM32F4xx_HAL_Driver/Src/stm32f4xx_hal.o
                0x08003fdc                HAL_Init
 .text.HAL_InitTick
                0x08004020       0x60 ./Drivers/STM32F4xx_HAL_Driver/Src/stm32f4xx_hal.o
                0x08004020                HAL_InitTick
 .text.HAL_IncTick
                0x08004080       0x28 ./Drivers/STM32F4xx_HAL_Driver/Src/stm32f4xx_hal.o
                0x08004080                HAL_IncTick
 .text.HAL_GetTick
                0x080040a8       0x18 ./Drivers/STM32F4xx_HAL_Driver/Src/stm32f4xx_hal.o
                0x080040a8                HAL_GetTick
 .text.HAL_Delay
                0x080040c0       0x48 ./Drivers/STM32F4xx_HAL_Driver/Src/stm32f4xx_hal.o
                0x080040c0                HAL_Delay
 .text.__NVIC_SetPriorityGrouping
                0x08004108       0x48 ./Drivers/STM32F4xx_HAL_Driver/Src/stm32f4xx_hal_cortex.o
 .text.__NVIC_GetPriorityGrouping
                0x08004150       0x1c ./Drivers/STM32F4xx_HAL_Driver/Src/stm32f4xx_hal_cortex.o
 .text.__NVIC_SetPriority
                0x0800416c       0x54 ./Drivers/STM32F4xx_HAL_Driver/Src/stm32f4xx_hal_cortex.o
 .text.NVIC_EncodePriority
                0x080041c0       0x66 ./Drivers/STM32F4xx_HAL_Driver/Src/stm32f4xx_hal_cortex.o
 *fill*         0x08004226        0x2 
 .text.SysTick_Config
                0x08004228       0x44 ./Drivers/STM32F4xx_HAL_Driver/Src/stm32f4xx_hal_cortex.o
 .text.HAL_NVIC_SetPriorityGrouping
                0x0800426c       0x16 ./Drivers/STM32F4xx_HAL_Driver/Src/stm32f4xx_hal_cortex.o
                0x0800426c                HAL_NVIC_SetPriorityGrouping
 .text.HAL_NVIC_SetPriority
                0x08004282       0x38 ./Drivers/STM32F4xx_HAL_Driver/Src/stm32f4xx_hal_cortex.o
                0x08004282                HAL_NVIC_SetPriority
 .text.HAL_SYSTICK_Config
                0x080042ba       0x18 ./Drivers/STM32F4xx_HAL_Driver/Src/stm32f4xx_hal_cortex.o
                0x080042ba                HAL_SYSTICK_Config
 *fill*         0x080042d2        0x2 
 .text.HAL_GPIO_Init
                0x080042d4      0x308 ./Drivers/STM32F4xx_HAL_Driver/Src/stm32f4xx_hal_gpio.o
                0x080042d4                HAL_GPIO_Init
 .text.HAL_HCD_IRQHandler
                0x080045dc      0x220 ./Drivers/STM32F4xx_HAL_Driver/Src/stm32f4xx_hal_hcd.o
                0x080045dc                HAL_HCD_IRQHandler
 .text.HAL_HCD_Stop
                0x080047fc       0x3a ./Drivers/STM32F4xx_HAL_Driver/Src/stm32f4xx_hal_hcd.o
                0x080047fc                HAL_HCD_Stop
 .text.HCD_HC_IN_IRQHandler
                0x08004836      0xcd2 ./Drivers/STM32F4xx_HAL_Driver/Src/stm32f4xx_hal_hcd.o
 .text.HCD_HC_OUT_IRQHandler
                0x08005508      0x97e ./Drivers/STM32F4xx_HAL_Driver/Src/stm32f4xx_hal_hcd.o
 .text.HCD_RXQLVL_IRQHandler
                0x08005e86      0x1be ./Drivers/STM32F4xx_HAL_Driver/Src/stm32f4xx_hal_hcd.o
 .text.HCD_Port_IRQHandler
                0x08006044       0xe6 ./Drivers/STM32F4xx_HAL_Driver/Src/stm32f4xx_hal_hcd.o
 *fill*         0x0800612a        0x2 
 .text.HAL_I2C_Init
                0x0800612c      0x288 ./Drivers/STM32F4xx_HAL_Driver/Src/stm32f4xx_hal_i2c.o
                0x0800612c                HAL_I2C_Init
 .text.HAL_I2C_Mem_Write
                0x080063b4      0x1f4 ./Drivers/STM32F4xx_HAL_Driver/Src/stm32f4xx_hal_i2c.o
                0x080063b4                HAL_I2C_Mem_Write
 .text.HAL_I2C_Mem_Read
                0x080065a8      0x464 ./Drivers/STM32F4xx_HAL_Driver/Src/stm32f4xx_hal_i2c.o
                0x080065a8                HAL_I2C_Mem_Read
 .text.HAL_I2C_IsDeviceReady
                0x08006a0c      0x25c ./Drivers/STM32F4xx_HAL_Driver/Src/stm32f4xx_hal_i2c.o
                0x08006a0c                HAL_I2C_IsDeviceReady
 .text.I2C_RequestMemoryWrite
                0x08006c68      0x12c ./Drivers/STM32F4xx_HAL_Driver/Src/stm32f4xx_hal_i2c.o
 .text.I2C_RequestMemoryRead
                0x08006d94      0x1d0 ./Drivers/STM32F4xx_HAL_Driver/Src/stm32f4xx_hal_i2c.o
 .text.I2C_WaitOnFlagUntilTimeout
                0x08006f64       0xf4 ./Drivers/STM32F4xx_HAL_Driver/Src/stm32f4xx_hal_i2c.o
 .text.I2C_WaitOnMasterAddressFlagUntilTimeout
                0x08007058      0x140 ./Drivers/STM32F4xx_HAL_Driver/Src/stm32f4xx_hal_i2c.o
 .text.I2C_WaitOnTXEFlagUntilTimeout
                0x08007198       0x90 ./Drivers/STM32F4xx_HAL_Driver/Src/stm32f4xx_hal_i2c.o
 .text.I2C_WaitOnBTFFlagUntilTimeout
                0x08007228       0x90 ./Drivers/STM32F4xx_HAL_Driver/Src/stm32f4xx_hal_i2c.o
 .text.I2C_WaitOnRXNEFlagUntilTimeout
                0x080072b8       0xba ./Drivers/STM32F4xx_HAL_Driver/Src/stm32f4xx_hal_i2c.o
 .text.I2C_IsAcknowledgeFailed
                0x08007372       0x5e ./Drivers/STM32F4xx_HAL_Driver/Src/stm32f4xx_hal_i2c.o
 .text.HAL_RCC_OscConfig
                0x080073d0      0x4f0 ./Drivers/STM32F4xx_HAL_Driver/Src/stm32f4xx_hal_rcc.o
                0x080073d0                HAL_RCC_OscConfig
 .text.HAL_RCC_ClockConfig
                0x080078c0      0x1cc ./Drivers/STM32F4xx_HAL_Driver/Src/stm32f4xx_hal_rcc.o
                0x080078c0                HAL_RCC_ClockConfig
 .text.HAL_RCC_GetSysClockFreq
                0x08007a8c      0x20c ./Drivers/STM32F4xx_HAL_Driver/Src/stm32f4xx_hal_rcc.o
                0x08007a8c                HAL_RCC_GetSysClockFreq
 .text.HAL_RCC_GetHCLKFreq
                0x08007c98       0x18 ./Drivers/STM32F4xx_HAL_Driver/Src/stm32f4xx_hal_rcc.o
                0x08007c98                HAL_RCC_GetHCLKFreq
 .text.HAL_RCC_GetPCLK1Freq
                0x08007cb0       0x28 ./Drivers/STM32F4xx_HAL_Driver/Src/stm32f4xx_hal_rcc.o
                0x08007cb0                HAL_RCC_GetPCLK1Freq
 .text.HAL_SPI_Init
                0x08007cd8      0x112 ./Drivers/STM32F4xx_HAL_Driver/Src/stm32f4xx_hal_spi.o
                0x08007cd8                HAL_SPI_Init
 .text.HAL_SPI_Transmit
                0x08007dea      0x288 ./Drivers/STM32F4xx_HAL_Driver/Src/stm32f4xx_hal_spi.o
                0x08007dea                HAL_SPI_Transmit
 *fill*         0x08008072        0x2 
 .text.SPI_WaitFlagStateUntilTimeout
                0x08008074      0x110 ./Drivers/STM32F4xx_HAL_Driver/Src/stm32f4xx_hal_spi.o
 .text.SPI_EndRxTxTransaction
                0x08008184       0xa8 ./Drivers/STM32F4xx_HAL_Driver/Src/stm32f4xx_hal_spi.o
 .text.USB_EnableGlobalInt
                0x0800822c       0x22 ./Drivers/STM32F4xx_HAL_Driver/Src/stm32f4xx_ll_usb.o
                0x0800822c                USB_EnableGlobalInt
 .text.USB_DisableGlobalInt
                0x0800824e       0x22 ./Drivers/STM32F4xx_HAL_Driver/Src/stm32f4xx_ll_usb.o
                0x0800824e                USB_DisableGlobalInt
 .text.USB_FlushTxFifo
                0x08008270       0x64 ./Drivers/STM32F4xx_HAL_Driver/Src/stm32f4xx_ll_usb.o
                0x08008270                USB_FlushTxFifo
 .text.USB_FlushRxFifo
                0x080082d4       0x5c ./Drivers/STM32F4xx_HAL_Driver/Src/stm32f4xx_ll_usb.o
                0x080082d4                USB_FlushRxFifo
 .text.USB_ReadPacket
                0x08008330       0xb0 ./Drivers/STM32F4xx_HAL_Driver/Src/stm32f4xx_ll_usb.o
                0x08008330                USB_ReadPacket
 .text.USB_ReadInterrupts
                0x080083e0       0x26 ./Drivers/STM32F4xx_HAL_Driver/Src/stm32f4xx_ll_usb.o
                0x080083e0                USB_ReadInterrupts
 .text.USB_ReadChInterrupts
                0x08008406       0x42 ./Drivers/STM32F4xx_HAL_Driver/Src/stm32f4xx_ll_usb.o
                0x08008406                USB_ReadChInterrupts
 .text.USB_GetMode
                0x08008448       0x1c ./Drivers/STM32F4xx_HAL_Driver/Src/stm32f4xx_ll_usb.o
                0x08008448                USB_GetMode
 .text.USB_InitFSLSPClkSel
                0x08008464       0x7a ./Drivers/STM32F4xx_HAL_Driver/Src/stm32f4xx_ll_usb.o
                0x08008464                USB_InitFSLSPClkSel
 .text.USB_HC_ReadInterrupt
                0x080084de       0x22 ./Drivers/STM32F4xx_HAL_Driver/Src/stm32f4xx_ll_usb.o
                0x080084de                USB_HC_ReadInterrupt
 .text.USB_HC_Halt
                0x08008500      0x240 ./Drivers/STM32F4xx_HAL_Driver/Src/stm32f4xx_ll_usb.o
                0x08008500                USB_HC_Halt
 .text.USB_StopHost
                0x08008740      0x124 ./Drivers/STM32F4xx_HAL_Driver/Src/stm32f4xx_ll_usb.o
                0x08008740                USB_StopHost
 .text.USBH_LL_IncTimer
                0x08008864       0x24 ./Middlewares/ST/STM32_USB_Host_Library/Core/Src/usbh_core.o
                0x08008864                USBH_LL_IncTimer
 .text.USBH_HandleSof
                0x08008888       0x30 ./Middlewares/ST/STM32_USB_Host_Library/Core/Src/usbh_core.o
 .text.USBH_LL_PortEnabled
                0x080088b8       0x1c ./Middlewares/ST/STM32_USB_Host_Library/Core/Src/usbh_core.o
                0x080088b8                USBH_LL_PortEnabled
 .text.USBH_LL_PortDisabled
                0x080088d4       0x24 ./Middlewares/ST/STM32_USB_Host_Library/Core/Src/usbh_core.o
                0x080088d4                USBH_LL_PortDisabled
 .text.USBH_LL_Connect
                0x080088f8       0x2e ./Middlewares/ST/STM32_USB_Host_Library/Core/Src/usbh_core.o
                0x080088f8                USBH_LL_Connect
 .text.USBH_LL_Disconnect
                0x08008926       0x48 ./Middlewares/ST/STM32_USB_Host_Library/Core/Src/usbh_core.o
                0x08008926                USBH_LL_Disconnect
 .text.USBH_FreePipe
                0x0800896e       0x3c ./Middlewares/ST/STM32_USB_Host_Library/Core/Src/usbh_pipes.o
                0x0800896e                USBH_FreePipe
 .text.HAL_HCD_SOF_Callback
                0x080089aa       0x1c ./USB_HOST/Target/usbh_conf.o
                0x080089aa                HAL_HCD_SOF_Callback
 .text.HAL_HCD_Connect_Callback
                0x080089c6       0x1c ./USB_HOST/Target/usbh_conf.o
                0x080089c6                HAL_HCD_Connect_Callback
 .text.HAL_HCD_Disconnect_Callback
                0x080089e2       0x1c ./USB_HOST/Target/usbh_conf.o
                0x080089e2                HAL_HCD_Disconnect_Callback
 .text.HAL_HCD_HC_NotifyURBChange_Callback
                0x080089fe       0x1c ./USB_HOST/Target/usbh_conf.o
                0x080089fe                HAL_HCD_HC_NotifyURBChange_Callback
 .text.HAL_HCD_PortEnabled_Callback
                0x08008a1a       0x1c ./USB_HOST/Target/usbh_conf.o
                0x08008a1a                HAL_HCD_PortEnabled_Callback
 .text.HAL_HCD_PortDisabled_Callback
                0x08008a36       0x1c ./USB_HOST/Target/usbh_conf.o
                0x08008a36                HAL_HCD_PortDisabled_Callback
 .text.USBH_LL_Stop
                0x08008a52       0x36 ./USB_HOST/Target/usbh_conf.o
                0x08008a52                USBH_LL_Stop
 .text.USBH_Get_USB_Status
                0x08008a88       0x58 ./USB_HOST/Target/usbh_conf.o
                0x08008a88                USBH_Get_USB_Status
 .text.network_configure_activations
                0x08008ae0      0x148 ./X-CUBE-AI/App/network.o
 .text.network_configure_weights
                0x08008c28      0x10c ./X-CUBE-AI/App/network.o
 .text.ai_network_get_error
                0x08008d34       0x18 ./X-CUBE-AI/App/network.o
                0x08008d34                ai_network_get_error
 .text.ai_network_create
                0x08008d4c       0x2c ./X-CUBE-AI/App/network.o
                0x08008d4c                ai_network_create
 .text.ai_network_inputs_get
                0x08008d78       0x34 ./X-CUBE-AI/App/network.o
                0x08008d78                ai_network_inputs_get
 .text.ai_network_outputs_get
                0x08008dac       0x34 ./X-CUBE-AI/App/network.o
                0x08008dac                ai_network_outputs_get
 .text.ai_network_init
                0x08008de0       0x78 ./X-CUBE-AI/App/network.o
                0x08008de0                ai_network_init
 .text.ai_network_run
                0x08008e58       0x20 ./X-CUBE-AI/App/network.o
                0x08008e58                ai_network_run
 .text.ai_network_data_activations_buffer_get
                0x08008e78       0x68 ./X-CUBE-AI/App/network_data.o
                0x08008e78                ai_network_data_activations_buffer_get
 .text.ai_network_data_weights_buffer_get
                0x08008ee0       0x68 ./X-CUBE-AI/App/network_data.o
                0x08008ee0                ai_network_data_weights_buffer_get
 .text.ai_network_data_weights_get
                0x08008f48       0x14 ./X-CUBE-AI/App/network_data.o
                0x08008f48                ai_network_data_weights_get
 .text.ai_buffer_get_size
                0x08008f5c       0x64 ../Middlewares/ST/AI/Lib\NetworkRuntime1020_CM4_GCC.a(ai_platform.o)
                0x08008f5c                ai_buffer_get_size
 .text.ai_buffer_array_sane
                0x08008fc0       0x14 ../Middlewares/ST/AI/Lib\NetworkRuntime1020_CM4_GCC.a(ai_platform.o)
                0x08008fc0                ai_buffer_array_sane
 .text.ai_platform_get_weights_map
                0x08008fd4       0xa4 ../Middlewares/ST/AI/Lib\NetworkRuntime1020_CM4_GCC.a(ai_platform_interface.o)
                0x08008fd4                ai_platform_get_weights_map
 .text.ai_platform_get_activations_map
                0x08009078       0xa8 ../Middlewares/ST/AI/Lib\NetworkRuntime1020_CM4_GCC.a(ai_platform_interface.o)
                0x08009078                ai_platform_get_activations_map
 .text.ai_platform_network_get_error
                0x08009120       0x18 ../Middlewares/ST/AI/Lib\NetworkRuntime1020_CM4_GCC.a(ai_platform_interface.o)
                0x08009120                ai_platform_network_get_error
 .text.ai_platform_network_set_error
                0x08009138        0xc ../Middlewares/ST/AI/Lib\NetworkRuntime1020_CM4_GCC.a(ai_platform_interface.o)
                0x08009138                ai_platform_network_set_error
 .text.ai_platform_inputs_get
                0x08009144       0xec ../Middlewares/ST/AI/Lib\NetworkRuntime1020_CM4_GCC.a(ai_platform_interface.o)
                0x08009144                ai_platform_inputs_get
 .text.ai_platform_outputs_get
                0x08009230       0xe4 ../Middlewares/ST/AI/Lib\NetworkRuntime1020_CM4_GCC.a(ai_platform_interface.o)
                0x08009230                ai_platform_outputs_get
 .text.ai_platform_network_create
                0x08009314       0x84 ../Middlewares/ST/AI/Lib\NetworkRuntime1020_CM4_GCC.a(ai_platform_interface.o)
                0x08009314                ai_platform_network_create
 .text.ai_platform_network_init
                0x08009398      0x130 ../Middlewares/ST/AI/Lib\NetworkRuntime1020_CM4_GCC.a(ai_platform_interface.o)
                0x08009398                ai_platform_network_init
 .text.ai_platform_network_post_init
                0x080094c8       0x5c ../Middlewares/ST/AI/Lib\NetworkRuntime1020_CM4_GCC.a(ai_platform_interface.o)
                0x080094c8                ai_platform_network_post_init
 .text.ai_platform_network_process
                0x08009524      0x438 ../Middlewares/ST/AI/Lib\NetworkRuntime1020_CM4_GCC.a(ai_platform_interface.o)
                0x08009524                ai_platform_network_process
 .text.core_init
                0x0800995c        0x4 ../Middlewares/ST/AI/Lib\NetworkRuntime1020_CM4_GCC.a(core_common.o)
                0x0800995c                core_init
 .text.core_get_error
                0x08009960        0xc ../Middlewares/ST/AI/Lib\NetworkRuntime1020_CM4_GCC.a(core_common.o)
                0x08009960                core_get_error
 .text.core_set_error
                0x0800996c       0x18 ../Middlewares/ST/AI/Lib\NetworkRuntime1020_CM4_GCC.a(core_common.o)
                0x0800996c                core_set_error
 .text.node_convert_integer
                0x08009984      0x1b8 ../Middlewares/ST/AI/Lib\NetworkRuntime1020_CM4_GCC.a(core_convert.o)
                0x08009984                node_convert_integer
 .text.ai_check_custom_types
                0x08009b3c       0x54 ../Middlewares/ST/AI/Lib\NetworkRuntime1020_CM4_GCC.a(layers.o)
                0x08009b3c                ai_check_custom_types
 .text.ai_layers_init_all
                0x08009b90       0x20 ../Middlewares/ST/AI/Lib\NetworkRuntime1020_CM4_GCC.a(layers.o)
                0x08009b90                ai_layers_init_all
 .text.ai_layers_post_init_all
                0x08009bb0       0x3c ../Middlewares/ST/AI/Lib\NetworkRuntime1020_CM4_GCC.a(layers.o)
                0x08009bb0                ai_layers_post_init_all
 .text.ai_layers_forward_all
                0x08009bec       0x90 ../Middlewares/ST/AI/Lib\NetworkRuntime1020_CM4_GCC.a(layers.o)
                0x08009bec                ai_layers_forward_all
 .text.forward_dense_integer_SSSA_ch
                0x08009c7c      0x200 ../Middlewares/ST/AI/Lib\NetworkRuntime1020_CM4_GCC.a(layers_conv2d_stm32_integer.o)
                0x08009c7c                forward_dense_integer_SSSA_ch
 .text.forward_dw_sssa8_ch
                0x08009e7c      0x1b4 ../Middlewares/ST/AI/Lib\NetworkRuntime1020_CM4_GCC.a(layers_dw_sssa8_ch.o)
                0x08009e7c                forward_dw_sssa8_ch
 .text.forward_mp_integer_INT8
                0x0800a030      0x218 ../Middlewares/ST/AI/Lib\NetworkRuntime1020_CM4_GCC.a(layers_pool_stm32_integer.o)
                0x0800a030                forward_mp_integer_INT8
 .text.forward_ap_integer_INT8
                0x0800a248      0x1bc ../Middlewares/ST/AI/Lib\NetworkRuntime1020_CM4_GCC.a(layers_pool_stm32_integer.o)
                0x0800a248                forward_ap_integer_INT8
 .text.forward_pw_sssa8_ch
                0x0800a404      0x178 ../Middlewares/ST/AI/Lib\NetworkRuntime1020_CM4_GCC.a(layers_pw_sssa8_ch.o)
                0x0800a404                forward_pw_sssa8_ch
 .text.forward_lite_node_convert_integer_is8os8
                0x0800a57c       0x10 ../Middlewares/ST/AI/Lib\NetworkRuntime1020_CM4_GCC.a(forward_lite_convert.o)
                0x0800a57c                forward_lite_node_convert_integer_is8os8
 .text.forward_lite_node_convert_integer_iu8ou8
                0x0800a58c       0x10 ../Middlewares/ST/AI/Lib\NetworkRuntime1020_CM4_GCC.a(forward_lite_convert.o)
                0x0800a58c                forward_lite_node_convert_integer_iu8ou8
 .text.forward_lite_node_convert_integer_iu8os8
                0x0800a59c       0x10 ../Middlewares/ST/AI/Lib\NetworkRuntime1020_CM4_GCC.a(forward_lite_convert.o)
                0x0800a59c                forward_lite_node_convert_integer_iu8os8
 .text.forward_lite_node_convert_integer_iu8os8_fast
                0x0800a5ac        0x4 ../Middlewares/ST/AI/Lib\NetworkRuntime1020_CM4_GCC.a(forward_lite_convert.o)
                0x0800a5ac                forward_lite_node_convert_integer_iu8os8_fast
 .text.forward_lite_node_convert_integer_is8ou8
                0x0800a5b0       0x10 ../Middlewares/ST/AI/Lib\NetworkRuntime1020_CM4_GCC.a(forward_lite_convert.o)
                0x0800a5b0                forward_lite_node_convert_integer_is8ou8
 .text.forward_lite_node_convert_integer_is8ou8_fast
                0x0800a5c0        0x4 ../Middlewares/ST/AI/Lib\NetworkRuntime1020_CM4_GCC.a(forward_lite_convert.o)
                0x0800a5c0                forward_lite_node_convert_integer_is8ou8_fast
 .text.forward_lite_dense_is8os8ws8_ch
                0x0800a5c4       0x7c ../Middlewares/ST/AI/Lib\NetworkRuntime1020_CM4_GCC.a(forward_lite_dense_is8os8ws8_ch.o)
                0x0800a5c4                forward_lite_dense_is8os8ws8_ch
 .text.forward_lite_maxpool_is8os8_scalepos
                0x0800a640      0x1c8 ../Middlewares/ST/AI/Lib\NetworkRuntime1020_CM4_GCC.a(forward_lite_maxpool_is8os8_scalepos.o)
                0x0800a640                forward_lite_maxpool_is8os8_scalepos
 .text.forward_lite_avepool_is8os8
                0x0800a808       0x4c ../Middlewares/ST/AI/Lib\NetworkRuntime1020_CM4_GCC.a(forward_lite_avepool_is8os8.o)
                0x0800a808                forward_lite_avepool_is8os8
 .text.st_dw_sssa8_ch_Wadapt
                0x0800a854      0x164 ../Middlewares/ST/AI/Lib\NetworkRuntime1020_CM4_GCC.a(forward_lite_dw_sssa8_ch.o)
                0x0800a854                st_dw_sssa8_ch_Wadapt
 .text.forward_lite_dw_sssa8_ch
                0x0800a9b8      0x81c ../Middlewares/ST/AI/Lib\NetworkRuntime1020_CM4_GCC.a(forward_lite_dw_sssa8_ch.o)
                0x0800a9b8                forward_lite_dw_sssa8_ch
 .text.forward_lite_pw_sssa8_ch
                0x0800b1d4      0x36c ../Middlewares/ST/AI/Lib\NetworkRuntime1020_CM4_GCC.a(forward_lite_pw_sssa8_ch.o)
                0x0800b1d4                forward_lite_pw_sssa8_ch
 .text.lite_convert_is8os8
                0x0800b540       0x80 ../Middlewares/ST/AI/Lib\NetworkRuntime1020_CM4_GCC.a(lite_convert_kernel.o)
                0x0800b540                lite_convert_is8os8
 .text.lite_convert_iu8ou8
                0x0800b5c0       0x54 ../Middlewares/ST/AI/Lib\NetworkRuntime1020_CM4_GCC.a(lite_convert_kernel.o)
                0x0800b5c0                lite_convert_iu8ou8
 .text.lite_convert_iu8os8
                0x0800b614       0x80 ../Middlewares/ST/AI/Lib\NetworkRuntime1020_CM4_GCC.a(lite_convert_kernel.o)
                0x0800b614                lite_convert_iu8os8
 .text.lite_convert_iu8os8_fast
                0x0800b694       0x70 ../Middlewares/ST/AI/Lib\NetworkRuntime1020_CM4_GCC.a(lite_convert_kernel.o)
                0x0800b694                lite_convert_iu8os8_fast
 .text.lite_convert_is8ou8
                0x0800b704       0x54 ../Middlewares/ST/AI/Lib\NetworkRuntime1020_CM4_GCC.a(lite_convert_kernel.o)
                0x0800b704                lite_convert_is8ou8
 .text.lite_convert_is8ou8_fast
                0x0800b758       0x68 ../Middlewares/ST/AI/Lib\NetworkRuntime1020_CM4_GCC.a(lite_convert_kernel.o)
                0x0800b758                lite_convert_is8ou8_fast
 .text.forward_lite_maxpool_is8os8_scaleneg
                0x0800b7c0      0x1c4 ../Middlewares/ST/AI/Lib\NetworkRuntime1020_CM4_GCC.a(forward_lite_maxpool_is8os8.o)
                0x0800b7c0                forward_lite_maxpool_is8os8_scaleneg
 .text.align_factor_ch
                0x0800b984       0x60 ../Middlewares/ST/AI/Lib\NetworkRuntime1020_CM4_GCC.a(st_align_factor.o)
                0x0800b984                align_factor_ch
 .text.ai_padding_opt_init
                0x0800b9e4       0xb0 ../Middlewares/ST/AI/Lib\NetworkRuntime1020_CM4_GCC.a(st_padding_opt.o)
                0x0800b9e4                ai_padding_opt_init
 .text.ai_padding_opt_phase1
                0x0800ba94       0x34 ../Middlewares/ST/AI/Lib\NetworkRuntime1020_CM4_GCC.a(st_padding_opt.o)
                0x0800ba94                ai_padding_opt_phase1
 .text.st_int8_avepool
                0x0800bac8      0x208 ../Middlewares/ST/AI/Lib\NetworkRuntime1020_CM4_GCC.a(st_int8_pool.o)
                0x0800bac8                st_int8_avepool
 .text.st_sssa8_ch_fully_connected
                0x0800bcd0      0x514 ../Middlewares/ST/AI/Lib\NetworkRuntime1020_CM4_GCC.a(st_sssa8_ch_dense.o)
                0x0800bcd0                st_sssa8_ch_fully_connected
 .text.st_int8_copy
                0x0800c1e4      0x13c ../Middlewares/ST/AI/Lib\NetworkRuntime1020_CM4_GCC.a(st_int8_fill.o)
                0x0800c1e4                st_int8_copy
 .text.st_int8_fill
                0x0800c320       0x80 ../Middlewares/ST/AI/Lib\NetworkRuntime1020_CM4_GCC.a(st_int8_fill.o)
                0x0800c320                st_int8_fill
 .text.st_int8_reordered_no_shift_zero
                0x0800c3a0       0x68 ../Middlewares/ST/AI/Lib\NetworkRuntime1020_CM4_GCC.a(st_int8_reordered_no_shift.o)
                0x0800c3a0                st_int8_reordered_no_shift_zero
 .text.weights_2channels_prefetch
                0x0800c408      0x200 ../Middlewares/ST/AI/Lib\NetworkRuntime1020_CM4_GCC.a(st_sssa8_ch_nn_mat_mult_nt_t.o)
                0x0800c408                weights_2channels_prefetch
 .text.st_sssa8_ch_fullW_prefetch
                0x0800c608       0x7c ../Middlewares/ST/AI/Lib\NetworkRuntime1020_CM4_GCC.a(st_sssa8_ch_nn_mat_mult_nt_t.o)
                0x0800c608                st_sssa8_ch_fullW_prefetch
 *fill*         0x0800c684        0xc 
 .text.st_sssa8_ch_nn_mat_mult_pw_nt_t
                0x0800c690      0x760 ../Middlewares/ST/AI/Lib\NetworkRuntime1020_CM4_GCC.a(st_sssa8_ch_nn_mat_mult_pw_nt_t.o)
                0x0800c690                st_sssa8_ch_nn_mat_mult_pw_nt_t
 .text.st_sssa8_ch_nn_mat_mult_pw_nt_t_KWS
                0x0800cdf0      0x470 ../Middlewares/ST/AI/Lib\NetworkRuntime1020_CM4_GCC.a(st_sssa8_ch_nn_mat_mult_pw_nt_t.o)
                0x0800cdf0                st_sssa8_ch_nn_mat_mult_pw_nt_t_KWS
 .text.ai_array_to_buffer_fmt
                0x0800d260       0xe0 ../Middlewares/ST/AI/Lib\NetworkRuntime1020_CM4_GCC.a(ai_datatypes_format.o)
                0x0800d260                ai_array_to_buffer_fmt
 .text.ai_array_get_byte_size
                0x0800d340       0x3c ../Middlewares/ST/AI/Lib\NetworkRuntime1020_CM4_GCC.a(ai_datatypes_format.o)
                0x0800d340                ai_array_get_byte_size
 .text.ai_array_get_data_byte_size
                0x0800d37c       0x24 ../Middlewares/ST/AI/Lib\NetworkRuntime1020_CM4_GCC.a(ai_datatypes_format.o)
                0x0800d37c                ai_array_get_data_byte_size
 .text.ai_version_get
                0x0800d3a0        0xc ../Middlewares/ST/AI/Lib\NetworkRuntime1020_CM4_GCC.a(ai_datatypes_internal.o)
                0x0800d3a0                ai_version_get
 .text.get_tensor_byte_size
                0x0800d3ac       0x30 ../Middlewares/ST/AI/Lib\NetworkRuntime1020_CM4_GCC.a(ai_datatypes_internal.o)
                0x0800d3ac                get_tensor_byte_size
 .text.malloc   0x0800d3dc       0x10 C:/ST/STM32CubeIDE_1.19.0/STM32CubeIDE/plugins/com.st.stm32cube.ide.mcu.externaltools.gnu-tools-for-stm32.13.3.rel1.win32_1.0.0.202411081344/tools/bin/../lib/gcc/arm-none-eabi/13.3.1/../../../../arm-none-eabi/lib/thumb/v7e-m+fp/hard\libc_nano.a(libc_a-malloc.o)
                0x0800d3dc                malloc
 .text.sbrk_aligned
                0x0800d3ec       0x44 C:/ST/STM32CubeIDE_1.19.0/STM32CubeIDE/plugins/com.st.stm32cube.ide.mcu.externaltools.gnu-tools-for-stm32.13.3.rel1.win32_1.0.0.202411081344/tools/bin/../lib/gcc/arm-none-eabi/13.3.1/../../../../arm-none-eabi/lib/thumb/v7e-m+fp/hard\libc_nano.a(libc_a-mallocr.o)
 .text._malloc_r
                0x0800d430      0x100 C:/ST/STM32CubeIDE_1.19.0/STM32CubeIDE/plugins/com.st.stm32cube.ide.mcu.externaltools.gnu-tools-for-stm32.13.3.rel1.win32_1.0.0.202411081344/tools/bin/../lib/gcc/arm-none-eabi/13.3.1/../../../../arm-none-eabi/lib/thumb/v7e-m+fp/hard\libc_nano.a(libc_a-mallocr.o)
                0x0800d430                _malloc_r
 .text.__malloc_lock
                0x0800d530        0xc C:/ST/STM32CubeIDE_1.19.0/STM32CubeIDE/plugins/com.st.stm32cube.ide.mcu.externaltools.gnu-tools-for-stm32.13.3.rel1.win32_1.0.0.202411081344/tools/bin/../lib/gcc/arm-none-eabi/13.3.1/../../../../arm-none-eabi/lib/thumb/v7e-m+fp/hard\libc_nano.a(libc_a-mlock.o)
                0x0800d530                __malloc_lock
 .text.__malloc_unlock
                0x0800d53c        0xc C:/ST/STM32CubeIDE_1.19.0/STM32CubeIDE/plugins/com.st.stm32cube.ide.mcu.externaltools.gnu-tools-for-stm32.13.3.rel1.win32_1.0.0.202411081344/tools/bin/../lib/gcc/arm-none-eabi/13.3.1/../../../../arm-none-eabi/lib/thumb/v7e-m+fp/hard\libc_nano.a(libc_a-mlock.o)
                0x0800d53c                __malloc_unlock
 .text._realloc_r
                0x0800d548       0x5c C:/ST/STM32CubeIDE_1.19.0/STM32CubeIDE/plugins/com.st.stm32cube.ide.mcu.externaltools.gnu-tools-for-stm32.13.3.rel1.win32_1.0.0.202411081344/tools/bin/../lib/gcc/arm-none-eabi/13.3.1/../../../../arm-none-eabi/lib/thumb/v7e-m+fp/hard\libc_nano.a(libc_a-reallocr.o)
                0x0800d548                _realloc_r
 .text.__cvt    0x0800d5a4       0xca C:/ST/STM32CubeIDE_1.19.0/STM32CubeIDE/plugins/com.st.stm32cube.ide.mcu.externaltools.gnu-tools-for-stm32.13.3.rel1.win32_1.0.0.202411081344/tools/bin/../lib/gcc/arm-none-eabi/13.3.1/../../../../arm-none-eabi/lib/thumb/v7e-m+fp/hard\libc_nano.a(libc_a-nano-vfprintf_float.o)
                0x0800d5a4                __cvt
 .text.__exponent
                0x0800d66e       0x74 C:/ST/STM32CubeIDE_1.19.0/STM32CubeIDE/plugins/com.st.stm32cube.ide.mcu.externaltools.gnu-tools-for-stm32.13.3.rel1.win32_1.0.0.202411081344/tools/bin/../lib/gcc/arm-none-eabi/13.3.1/../../../../arm-none-eabi/lib/thumb/v7e-m+fp/hard\libc_nano.a(libc_a-nano-vfprintf_float.o)
                0x0800d66e                __exponent
 *fill*         0x0800d6e2        0x2 
 .text._printf_float
                0x0800d6e4      0x454 C:/ST/STM32CubeIDE_1.19.0/STM32CubeIDE/plugins/com.st.stm32cube.ide.mcu.externaltools.gnu-tools-for-stm32.13.3.rel1.win32_1.0.0.202411081344/tools/bin/../lib/gcc/arm-none-eabi/13.3.1/../../../../arm-none-eabi/lib/thumb/v7e-m+fp/hard\libc_nano.a(libc_a-nano-vfprintf_float.o)
                0x0800d6e4                _printf_float
 .text._printf_common
                0x0800db38       0xda C:/ST/STM32CubeIDE_1.19.0/STM32CubeIDE/plugins/com.st.stm32cube.ide.mcu.externaltools.gnu-tools-for-stm32.13.3.rel1.win32_1.0.0.202411081344/tools/bin/../lib/gcc/arm-none-eabi/13.3.1/../../../../arm-none-eabi/lib/thumb/v7e-m+fp/hard\libc_nano.a(libc_a-nano-vfprintf_i.o)
                0x0800db38                _printf_common
 *fill*         0x0800dc12        0x2 
 .text._printf_i
                0x0800dc14      0x23c C:/ST/STM32CubeIDE_1.19.0/STM32CubeIDE/plugins/com.st.stm32cube.ide.mcu.externaltools.gnu-tools-for-stm32.13.3.rel1.win32_1.0.0.202411081344/tools/bin/../lib/gcc/arm-none-eabi/13.3.1/../../../../arm-none-eabi/lib/thumb/v7e-m+fp/hard\libc_nano.a(libc_a-nano-vfprintf_i.o)
                0x0800dc14                _printf_i
 .text.std      0x0800de50       0x6c C:/ST/STM32CubeIDE_1.19.0/STM32CubeIDE/plugins/com.st.stm32cube.ide.mcu.externaltools.gnu-tools-for-stm32.13.3.rel1.win32_1.0.0.202411081344/tools/bin/../lib/gcc/arm-none-eabi/13.3.1/../../../../arm-none-eabi/lib/thumb/v7e-m+fp/hard\libc_nano.a(libc_a-findfp.o)
 .text.stdio_exit_handler
                0x0800debc       0x18 C:/ST/STM32CubeIDE_1.19.0/STM32CubeIDE/plugins/com.st.stm32cube.ide.mcu.externaltools.gnu-tools-for-stm32.13.3.rel1.win32_1.0.0.202411081344/tools/bin/../lib/gcc/arm-none-eabi/13.3.1/../../../../arm-none-eabi/lib/thumb/v7e-m+fp/hard\libc_nano.a(libc_a-findfp.o)
 .text.cleanup_stdio
                0x0800ded4       0x40 C:/ST/STM32CubeIDE_1.19.0/STM32CubeIDE/plugins/com.st.stm32cube.ide.mcu.externaltools.gnu-tools-for-stm32.13.3.rel1.win32_1.0.0.202411081344/tools/bin/../lib/gcc/arm-none-eabi/13.3.1/../../../../arm-none-eabi/lib/thumb/v7e-m+fp/hard\libc_nano.a(libc_a-findfp.o)
 .text.global_stdio_init.part.0
                0x0800df14       0x3c C:/ST/STM32CubeIDE_1.19.0/STM32CubeIDE/plugins/com.st.stm32cube.ide.mcu.externaltools.gnu-tools-for-stm32.13.3.rel1.win32_1.0.0.202411081344/tools/bin/../lib/gcc/arm-none-eabi/13.3.1/../../../../arm-none-eabi/lib/thumb/v7e-m+fp/hard\libc_nano.a(libc_a-findfp.o)
 .text.__sfp_lock_acquire
                0x0800df50        0xc C:/ST/STM32CubeIDE_1.19.0/STM32CubeIDE/plugins/com.st.stm32cube.ide.mcu.externaltools.gnu-tools-for-stm32.13.3.rel1.win32_1.0.0.202411081344/tools/bin/../lib/gcc/arm-none-eabi/13.3.1/../../../../arm-none-eabi/lib/thumb/v7e-m+fp/hard\libc_nano.a(libc_a-findfp.o)
                0x0800df50                __sfp_lock_acquire
 .text.__sfp_lock_release
                0x0800df5c        0xc C:/ST/STM32CubeIDE_1.19.0/STM32CubeIDE/plugins/com.st.stm32cube.ide.mcu.externaltools.gnu-tools-for-stm32.13.3.rel1.win32_1.0.0.202411081344/tools/bin/../lib/gcc/arm-none-eabi/13.3.1/../../../../arm-none-eabi/lib/thumb/v7e-m+fp/hard\libc_nano.a(libc_a-findfp.o)
                0x0800df5c                __sfp_lock_release
 .text.__sinit  0x0800df68       0x30 C:/ST/STM32CubeIDE_1.19.0/STM32CubeIDE/plugins/com.st.stm32cube.ide.mcu.externaltools.gnu-tools-for-stm32.13.3.rel1.win32_1.0.0.202411081344/tools/bin/../lib/gcc/arm-none-eabi/13.3.1/../../../../arm-none-eabi/lib/thumb/v7e-m+fp/hard\libc_nano.a(libc_a-findfp.o)
                0x0800df68                __sinit
 .text._fwalk_sglue
                0x0800df98       0x3c C:/ST/STM32CubeIDE_1.19.0/STM32CubeIDE/plugins/com.st.stm32cube.ide.mcu.externaltools.gnu-tools-for-stm32.13.3.rel1.win32_1.0.0.202411081344/tools/bin/../lib/gcc/arm-none-eabi/13.3.1/../../../../arm-none-eabi/lib/thumb/v7e-m+fp/hard\libc_nano.a(libc_a-fwalk.o)
                0x0800df98                _fwalk_sglue
 .text.sprintf  0x0800dfd4       0x44 C:/ST/STM32CubeIDE_1.19.0/STM32CubeIDE/plugins/com.st.stm32cube.ide.mcu.externaltools.gnu-tools-for-stm32.13.3.rel1.win32_1.0.0.202411081344/tools/bin/../lib/gcc/arm-none-eabi/13.3.1/../../../../arm-none-eabi/lib/thumb/v7e-m+fp/hard\libc_nano.a(libc_a-sprintf.o)
                0x0800dfd4                siprintf
                0x0800dfd4                sprintf
 .text.__sread  0x0800e018       0x22 C:/ST/STM32CubeIDE_1.19.0/STM32CubeIDE/plugins/com.st.stm32cube.ide.mcu.externaltools.gnu-tools-for-stm32.13.3.rel1.win32_1.0.0.202411081344/tools/bin/../lib/gcc/arm-none-eabi/13.3.1/../../../../arm-none-eabi/lib/thumb/v7e-m+fp/hard\libc_nano.a(libc_a-stdio.o)
                0x0800e018                __sread
 .text.__swrite
                0x0800e03a       0x38 C:/ST/STM32CubeIDE_1.19.0/STM32CubeIDE/plugins/com.st.stm32cube.ide.mcu.externaltools.gnu-tools-for-stm32.13.3.rel1.win32_1.0.0.202411081344/tools/bin/../lib/gcc/arm-none-eabi/13.3.1/../../../../arm-none-eabi/lib/thumb/v7e-m+fp/hard\libc_nano.a(libc_a-stdio.o)
                0x0800e03a                __swrite
 .text.__sseek  0x0800e072       0x24 C:/ST/STM32CubeIDE_1.19.0/STM32CubeIDE/plugins/com.st.stm32cube.ide.mcu.externaltools.gnu-tools-for-stm32.13.3.rel1.win32_1.0.0.202411081344/tools/bin/../lib/gcc/arm-none-eabi/13.3.1/../../../../arm-none-eabi/lib/thumb/v7e-m+fp/hard\libc_nano.a(libc_a-stdio.o)
                0x0800e072                __sseek
 .text.__sclose
                0x0800e096        0x8 C:/ST/STM32CubeIDE_1.19.0/STM32CubeIDE/plugins/com.st.stm32cube.ide.mcu.externaltools.gnu-tools-for-stm32.13.3.rel1.win32_1.0.0.202411081344/tools/bin/../lib/gcc/arm-none-eabi/13.3.1/../../../../arm-none-eabi/lib/thumb/v7e-m+fp/hard\libc_nano.a(libc_a-stdio.o)
                0x0800e096                __sclose
 .text.memset   0x0800e09e       0x10 C:/ST/STM32CubeIDE_1.19.0/STM32CubeIDE/plugins/com.st.stm32cube.ide.mcu.externaltools.gnu-tools-for-stm32.13.3.rel1.win32_1.0.0.202411081344/tools/bin/../lib/gcc/arm-none-eabi/13.3.1/../../../../arm-none-eabi/lib/thumb/v7e-m+fp/hard\libc_nano.a(libc_a-memset.o)
                0x0800e09e                memset
 .text.strncpy  0x0800e0ae       0x26 C:/ST/STM32CubeIDE_1.19.0/STM32CubeIDE/plugins/com.st.stm32cube.ide.mcu.externaltools.gnu-tools-for-stm32.13.3.rel1.win32_1.0.0.202411081344/tools/bin/../lib/gcc/arm-none-eabi/13.3.1/../../../../arm-none-eabi/lib/thumb/v7e-m+fp/hard\libc_nano.a(libc_a-strncpy.o)
                0x0800e0ae                strncpy
 .text._localeconv_r
                0x0800e0d4        0x8 C:/ST/STM32CubeIDE_1.19.0/STM32CubeIDE/plugins/com.st.stm32cube.ide.mcu.externaltools.gnu-tools-for-stm32.13.3.rel1.win32_1.0.0.202411081344/tools/bin/../lib/gcc/arm-none-eabi/13.3.1/../../../../arm-none-eabi/lib/thumb/v7e-m+fp/hard\libc_nano.a(libc_a-localeconv.o)
                0x0800e0d4                _localeconv_r
 .text._close_r
                0x0800e0dc       0x20 C:/ST/STM32CubeIDE_1.19.0/STM32CubeIDE/plugins/com.st.stm32cube.ide.mcu.externaltools.gnu-tools-for-stm32.13.3.rel1.win32_1.0.0.202411081344/tools/bin/../lib/gcc/arm-none-eabi/13.3.1/../../../../arm-none-eabi/lib/thumb/v7e-m+fp/hard\libc_nano.a(libc_a-closer.o)
                0x0800e0dc                _close_r
 .text._lseek_r
                0x0800e0fc       0x24 C:/ST/STM32CubeIDE_1.19.0/STM32CubeIDE/plugins/com.st.stm32cube.ide.mcu.externaltools.gnu-tools-for-stm32.13.3.rel1.win32_1.0.0.202411081344/tools/bin/../lib/gcc/arm-none-eabi/13.3.1/../../../../arm-none-eabi/lib/thumb/v7e-m+fp/hard\libc_nano.a(libc_a-lseekr.o)
                0x0800e0fc                _lseek_r
 .text._read_r  0x0800e120       0x24 C:/ST/STM32CubeIDE_1.19.0/STM32CubeIDE/plugins/com.st.stm32cube.ide.mcu.externaltools.gnu-tools-for-stm32.13.3.rel1.win32_1.0.0.202411081344/tools/bin/../lib/gcc/arm-none-eabi/13.3.1/../../../../arm-none-eabi/lib/thumb/v7e-m+fp/hard\libc_nano.a(libc_a-readr.o)
                0x0800e120                _read_r
 .text._sbrk_r  0x0800e144       0x20 C:/ST/STM32CubeIDE_1.19.0/STM32CubeIDE/plugins/com.st.stm32cube.ide.mcu.externaltools.gnu-tools-for-stm32.13.3.rel1.win32_1.0.0.202411081344/tools/bin/../lib/gcc/arm-none-eabi/13.3.1/../../../../arm-none-eabi/lib/thumb/v7e-m+fp/hard\libc_nano.a(libc_a-sbrkr.o)
                0x0800e144                _sbrk_r
 .text._write_r
                0x0800e164       0x24 C:/ST/STM32CubeIDE_1.19.0/STM32CubeIDE/plugins/com.st.stm32cube.ide.mcu.externaltools.gnu-tools-for-stm32.13.3.rel1.win32_1.0.0.202411081344/tools/bin/../lib/gcc/arm-none-eabi/13.3.1/../../../../arm-none-eabi/lib/thumb/v7e-m+fp/hard\libc_nano.a(libc_a-writer.o)
                0x0800e164                _write_r
 .text.__errno  0x0800e188        0xc C:/ST/STM32CubeIDE_1.19.0/STM32CubeIDE/plugins/com.st.stm32cube.ide.mcu.externaltools.gnu-tools-for-stm32.13.3.rel1.win32_1.0.0.202411081344/tools/bin/../lib/gcc/arm-none-eabi/13.3.1/../../../../arm-none-eabi/lib/thumb/v7e-m+fp/hard\libc_nano.a(libc_a-errno.o)
                0x0800e188                __errno
 .text.__libc_init_array
                0x0800e194       0x48 C:/ST/STM32CubeIDE_1.19.0/STM32CubeIDE/plugins/com.st.stm32cube.ide.mcu.externaltools.gnu-tools-for-stm32.13.3.rel1.win32_1.0.0.202411081344/tools/bin/../lib/gcc/arm-none-eabi/13.3.1/../../../../arm-none-eabi/lib/thumb/v7e-m+fp/hard\libc_nano.a(libc_a-init.o)
                0x0800e194                __libc_init_array
 .text.__retarget_lock_init_recursive
                0x0800e1dc        0x2 C:/ST/STM32CubeIDE_1.19.0/STM32CubeIDE/plugins/com.st.stm32cube.ide.mcu.externaltools.gnu-tools-for-stm32.13.3.rel1.win32_1.0.0.202411081344/tools/bin/../lib/gcc/arm-none-eabi/13.3.1/../../../../arm-none-eabi/lib/thumb/v7e-m+fp/hard\libc_nano.a(libc_a-lock.o)
                0x0800e1dc                __retarget_lock_init_recursive
 .text.__retarget_lock_acquire_recursive
                0x0800e1de        0x2 C:/ST/STM32CubeIDE_1.19.0/STM32CubeIDE/plugins/com.st.stm32cube.ide.mcu.externaltools.gnu-tools-for-stm32.13.3.rel1.win32_1.0.0.202411081344/tools/bin/../lib/gcc/arm-none-eabi/13.3.1/../../../../arm-none-eabi/lib/thumb/v7e-m+fp/hard\libc_nano.a(libc_a-lock.o)
                0x0800e1de                __retarget_lock_acquire_recursive
 .text.__retarget_lock_release_recursive
                0x0800e1e0        0x2 C:/ST/STM32CubeIDE_1.19.0/STM32CubeIDE/plugins/com.st.stm32cube.ide.mcu.externaltools.gnu-tools-for-stm32.13.3.rel1.win32_1.0.0.202411081344/tools/bin/../lib/gcc/arm-none-eabi/13.3.1/../../../../arm-none-eabi/lib/thumb/v7e-m+fp/hard\libc_nano.a(libc_a-lock.o)
                0x0800e1e0                __retarget_lock_release_recursive
 .text.memcpy   0x0800e1e2       0x1c C:/ST/STM32CubeIDE_1.19.0/STM32CubeIDE/plugins/com.st.stm32cube.ide.mcu.externaltools.gnu-tools-for-stm32.13.3.rel1.win32_1.0.0.202411081344/tools/bin/../lib/gcc/arm-none-eabi/13.3.1/../../../../arm-none-eabi/lib/thumb/v7e-m+fp/hard\libc_nano.a(libc_a-memcpy-stub.o)
                0x0800e1e2                memcpy
 .text.quorem   0x0800e1fe      0x110 C:/ST/STM32CubeIDE_1.19.0/STM32CubeIDE/plugins/com.st.stm32cube.ide.mcu.externaltools.gnu-tools-for-stm32.13.3.rel1.win32_1.0.0.202411081344/tools/bin/../lib/gcc/arm-none-eabi/13.3.1/../../../../arm-none-eabi/lib/thumb/v7e-m+fp/hard\libc_nano.a(libc_a-dtoa.o)
 *fill*         0x0800e30e        0x2 
 .text._dtoa_r  0x0800e310      0xba0 C:/ST/STM32CubeIDE_1.19.0/STM32CubeIDE/plugins/com.st.stm32cube.ide.mcu.externaltools.gnu-tools-for-stm32.13.3.rel1.win32_1.0.0.202411081344/tools/bin/../lib/gcc/arm-none-eabi/13.3.1/../../../../arm-none-eabi/lib/thumb/v7e-m+fp/hard\libc_nano.a(libc_a-dtoa.o)
                0x0800e310                _dtoa_r
 .text._free_r  0x0800eeb0       0x94 C:/ST/STM32CubeIDE_1.19.0/STM32CubeIDE/plugins/com.st.stm32cube.ide.mcu.externaltools.gnu-tools-for-stm32.13.3.rel1.win32_1.0.0.202411081344/tools/bin/../lib/gcc/arm-none-eabi/13.3.1/../../../../arm-none-eabi/lib/thumb/v7e-m+fp/hard\libc_nano.a(libc_a-freer.o)
                0x0800eeb0                _free_r
 .text._Balloc  0x0800ef44       0x80 C:/ST/STM32CubeIDE_1.19.0/STM32CubeIDE/plugins/com.st.stm32cube.ide.mcu.externaltools.gnu-tools-for-stm32.13.3.rel1.win32_1.0.0.202411081344/tools/bin/../lib/gcc/arm-none-eabi/13.3.1/../../../../arm-none-eabi/lib/thumb/v7e-m+fp/hard\libc_nano.a(libc_a-mprec.o)
                0x0800ef44                _Balloc
 .text._Bfree   0x0800efc4       0x44 C:/ST/STM32CubeIDE_1.19.0/STM32CubeIDE/plugins/com.st.stm32cube.ide.mcu.externaltools.gnu-tools-for-stm32.13.3.rel1.win32_1.0.0.202411081344/tools/bin/../lib/gcc/arm-none-eabi/13.3.1/../../../../arm-none-eabi/lib/thumb/v7e-m+fp/hard\libc_nano.a(libc_a-mprec.o)
                0x0800efc4                _Bfree
 .text.__multadd
                0x0800f008       0x8c C:/ST/STM32CubeIDE_1.19.0/STM32CubeIDE/plugins/com.st.stm32cube.ide.mcu.externaltools.gnu-tools-for-stm32.13.3.rel1.win32_1.0.0.202411081344/tools/bin/../lib/gcc/arm-none-eabi/13.3.1/../../../../arm-none-eabi/lib/thumb/v7e-m+fp/hard\libc_nano.a(libc_a-mprec.o)
                0x0800f008                __multadd
 .text.__hi0bits
                0x0800f094       0x3e C:/ST/STM32CubeIDE_1.19.0/STM32CubeIDE/plugins/com.st.stm32cube.ide.mcu.externaltools.gnu-tools-for-stm32.13.3.rel1.win32_1.0.0.202411081344/tools/bin/../lib/gcc/arm-none-eabi/13.3.1/../../../../arm-none-eabi/lib/thumb/v7e-m+fp/hard\libc_nano.a(libc_a-mprec.o)
                0x0800f094                __hi0bits
 .text.__lo0bits
                0x0800f0d2       0x5a C:/ST/STM32CubeIDE_1.19.0/STM32CubeIDE/plugins/com.st.stm32cube.ide.mcu.externaltools.gnu-tools-for-stm32.13.3.rel1.win32_1.0.0.202411081344/tools/bin/../lib/gcc/arm-none-eabi/13.3.1/../../../../arm-none-eabi/lib/thumb/v7e-m+fp/hard\libc_nano.a(libc_a-mprec.o)
                0x0800f0d2                __lo0bits
 .text.__i2b    0x0800f12c       0x2c C:/ST/STM32CubeIDE_1.19.0/STM32CubeIDE/plugins/com.st.stm32cube.ide.mcu.externaltools.gnu-tools-for-stm32.13.3.rel1.win32_1.0.0.202411081344/tools/bin/../lib/gcc/arm-none-eabi/13.3.1/../../../../arm-none-eabi/lib/thumb/v7e-m+fp/hard\libc_nano.a(libc_a-mprec.o)
                0x0800f12c                __i2b
 .text.__multiply
                0x0800f158      0x144 C:/ST/STM32CubeIDE_1.19.0/STM32CubeIDE/plugins/com.st.stm32cube.ide.mcu.externaltools.gnu-tools-for-stm32.13.3.rel1.win32_1.0.0.202411081344/tools/bin/../lib/gcc/arm-none-eabi/13.3.1/../../../../arm-none-eabi/lib/thumb/v7e-m+fp/hard\libc_nano.a(libc_a-mprec.o)
                0x0800f158                __multiply
 .text.__pow5mult
                0x0800f29c       0xb4 C:/ST/STM32CubeIDE_1.19.0/STM32CubeIDE/plugins/com.st.stm32cube.ide.mcu.externaltools.gnu-tools-for-stm32.13.3.rel1.win32_1.0.0.202411081344/tools/bin/../lib/gcc/arm-none-eabi/13.3.1/../../../../arm-none-eabi/lib/thumb/v7e-m+fp/hard\libc_nano.a(libc_a-mprec.o)
                0x0800f29c                __pow5mult
 .text.__lshift
                0x0800f350       0xd8 C:/ST/STM32CubeIDE_1.19.0/STM32CubeIDE/plugins/com.st.stm32cube.ide.mcu.externaltools.gnu-tools-for-stm32.13.3.rel1.win32_1.0.0.202411081344/tools/bin/../lib/gcc/arm-none-eabi/13.3.1/../../../../arm-none-eabi/lib/thumb/v7e-m+fp/hard\libc_nano.a(libc_a-mprec.o)
                0x0800f350                __lshift
 .text.__mcmp   0x0800f428       0x36 C:/ST/STM32CubeIDE_1.19.0/STM32CubeIDE/plugins/com.st.stm32cube.ide.mcu.externaltools.gnu-tools-for-stm32.13.3.rel1.win32_1.0.0.202411081344/tools/bin/../lib/gcc/arm-none-eabi/13.3.1/../../../../arm-none-eabi/lib/thumb/v7e-m+fp/hard\libc_nano.a(libc_a-mprec.o)
                0x0800f428                __mcmp
 *fill*         0x0800f45e        0x2 
 .text.__mdiff  0x0800f460      0x128 C:/ST/STM32CubeIDE_1.19.0/STM32CubeIDE/plugins/com.st.stm32cube.ide.mcu.externaltools.gnu-tools-for-stm32.13.3.rel1.win32_1.0.0.202411081344/tools/bin/../lib/gcc/arm-none-eabi/13.3.1/../../../../arm-none-eabi/lib/thumb/v7e-m+fp/hard\libc_nano.a(libc_a-mprec.o)
                0x0800f460                __mdiff
 .text.__d2b    0x0800f588       0xb0 C:/ST/STM32CubeIDE_1.19.0/STM32CubeIDE/plugins/com.st.stm32cube.ide.mcu.externaltools.gnu-tools-for-stm32.13.3.rel1.win32_1.0.0.202411081344/tools/bin/../lib/gcc/arm-none-eabi/13.3.1/../../../../arm-none-eabi/lib/thumb/v7e-m+fp/hard\libc_nano.a(libc_a-mprec.o)
                0x0800f588                __d2b
 .text._malloc_usable_size_r
                0x0800f638       0x10 C:/ST/STM32CubeIDE_1.19.0/STM32CubeIDE/plugins/com.st.stm32cube.ide.mcu.externaltools.gnu-tools-for-stm32.13.3.rel1.win32_1.0.0.202411081344/tools/bin/../lib/gcc/arm-none-eabi/13.3.1/../../../../arm-none-eabi/lib/thumb/v7e-m+fp/hard\libc_nano.a(libc_a-msizer.o)
                0x0800f638                _malloc_usable_size_r
 .text.__ssputs_r
                0x0800f648       0xb6 C:/ST/STM32CubeIDE_1.19.0/STM32CubeIDE/plugins/com.st.stm32cube.ide.mcu.externaltools.gnu-tools-for-stm32.13.3.rel1.win32_1.0.0.202411081344/tools/bin/../lib/gcc/arm-none-eabi/13.3.1/../../../../arm-none-eabi/lib/thumb/v7e-m+fp/hard\libc_nano.a(libc_a-nano-svfprintf.o)
                0x0800f648                __ssputs_r
 *fill*         0x0800f6fe        0x2 
 .text._svfprintf_r
                0x0800f700      0x1f8 C:/ST/STM32CubeIDE_1.19.0/STM32CubeIDE/plugins/com.st.stm32cube.ide.mcu.externaltools.gnu-tools-for-stm32.13.3.rel1.win32_1.0.0.202411081344/tools/bin/../lib/gcc/arm-none-eabi/13.3.1/../../../../arm-none-eabi/lib/thumb/v7e-m+fp/hard\libc_nano.a(libc_a-nano-svfprintf.o)
                0x0800f700                _svfiprintf_r
                0x0800f700                _svfprintf_r
 .text.__sflush_r
                0x0800f8f8      0x108 C:/ST/STM32CubeIDE_1.19.0/STM32CubeIDE/plugins/com.st.stm32cube.ide.mcu.externaltools.gnu-tools-for-stm32.13.3.rel1.win32_1.0.0.202411081344/tools/bin/../lib/gcc/arm-none-eabi/13.3.1/../../../../arm-none-eabi/lib/thumb/v7e-m+fp/hard\libc_nano.a(libc_a-fflush.o)
                0x0800f8f8                __sflush_r
 .text._fflush_r
                0x0800fa00       0x50 C:/ST/STM32CubeIDE_1.19.0/STM32CubeIDE/plugins/com.st.stm32cube.ide.mcu.externaltools.gnu-tools-for-stm32.13.3.rel1.win32_1.0.0.202411081344/tools/bin/../lib/gcc/arm-none-eabi/13.3.1/../../../../arm-none-eabi/lib/thumb/v7e-m+fp/hard\libc_nano.a(libc_a-fflush.o)
                0x0800fa00                _fflush_r
 .text.memmove  0x0800fa50       0x34 C:/ST/STM32CubeIDE_1.19.0/STM32CubeIDE/plugins/com.st.stm32cube.ide.mcu.externaltools.gnu-tools-for-stm32.13.3.rel1.win32_1.0.0.202411081344/tools/bin/../lib/gcc/arm-none-eabi/13.3.1/../../../../arm-none-eabi/lib/thumb/v7e-m+fp/hard\libc_nano.a(libc_a-memmove.o)
                0x0800fa50                memmove
 .text.__assert_func
                0x0800fa84       0x3c C:/ST/STM32CubeIDE_1.19.0/STM32CubeIDE/plugins/com.st.stm32cube.ide.mcu.externaltools.gnu-tools-for-stm32.13.3.rel1.win32_1.0.0.202411081344/tools/bin/../lib/gcc/arm-none-eabi/13.3.1/../../../../arm-none-eabi/lib/thumb/v7e-m+fp/hard\libc_nano.a(libc_a-assert.o)
                0x0800fa84                __assert_func
 .text._calloc_r
                0x0800fac0       0x28 C:/ST/STM32CubeIDE_1.19.0/STM32CubeIDE/plugins/com.st.stm32cube.ide.mcu.externaltools.gnu-tools-for-stm32.13.3.rel1.win32_1.0.0.202411081344/tools/bin/../lib/gcc/arm-none-eabi/13.3.1/../../../../arm-none-eabi/lib/thumb/v7e-m+fp/hard\libc_nano.a(libc_a-callocr.o)
                0x0800fac0                _calloc_r
 .text.__ascii_mbtowc
                0x0800fae8       0x24 C:/ST/STM32CubeIDE_1.19.0/STM32CubeIDE/plugins/com.st.stm32cube.ide.mcu.externaltools.gnu-tools-for-stm32.13.3.rel1.win32_1.0.0.202411081344/tools/bin/../lib/gcc/arm-none-eabi/13.3.1/../../../../arm-none-eabi/lib/thumb/v7e-m+fp/hard\libc_nano.a(libc_a-mbtowc_r.o)
                0x0800fae8                __ascii_mbtowc
 .text.__ascii_wctomb
                0x0800fb0c       0x1a C:/ST/STM32CubeIDE_1.19.0/STM32CubeIDE/plugins/com.st.stm32cube.ide.mcu.externaltools.gnu-tools-for-stm32.13.3.rel1.win32_1.0.0.202411081344/tools/bin/../lib/gcc/arm-none-eabi/13.3.1/../../../../arm-none-eabi/lib/thumb/v7e-m+fp/hard\libc_nano.a(libc_a-wctomb_r.o)
                0x0800fb0c                __ascii_wctomb
 *fill*         0x0800fb26        0x2 
 .text.fprintf  0x0800fb28       0x24 C:/ST/STM32CubeIDE_1.19.0/STM32CubeIDE/plugins/com.st.stm32cube.ide.mcu.externaltools.gnu-tools-for-stm32.13.3.rel1.win32_1.0.0.202411081344/tools/bin/../lib/gcc/arm-none-eabi/13.3.1/../../../../arm-none-eabi/lib/thumb/v7e-m+fp/hard\libc_nano.a(libc_a-fprintf.o)
                0x0800fb28                fiprintf
                0x0800fb28                fprintf
 .text.abort    0x0800fb4c        0xe C:/ST/STM32CubeIDE_1.19.0/STM32CubeIDE/plugins/com.st.stm32cube.ide.mcu.externaltools.gnu-tools-for-stm32.13.3.rel1.win32_1.0.0.202411081344/tools/bin/../lib/gcc/arm-none-eabi/13.3.1/../../../../arm-none-eabi/lib/thumb/v7e-m+fp/hard\libc_nano.a(libc_a-abort.o)
                0x0800fb4c                abort
 .text.__sfputc_r
                0x0800fb5a       0x2e C:/ST/STM32CubeIDE_1.19.0/STM32CubeIDE/plugins/com.st.stm32cube.ide.mcu.externaltools.gnu-tools-for-stm32.13.3.rel1.win32_1.0.0.202411081344/tools/bin/../lib/gcc/arm-none-eabi/13.3.1/../../../../arm-none-eabi/lib/thumb/v7e-m+fp/hard\libc_nano.a(libc_a-nano-vfprintf.o)
 .text.__sfputs_r
                0x0800fb88       0x24 C:/ST/STM32CubeIDE_1.19.0/STM32CubeIDE/plugins/com.st.stm32cube.ide.mcu.externaltools.gnu-tools-for-stm32.13.3.rel1.win32_1.0.0.202411081344/tools/bin/../lib/gcc/arm-none-eabi/13.3.1/../../../../arm-none-eabi/lib/thumb/v7e-m+fp/hard\libc_nano.a(libc_a-nano-vfprintf.o)
                0x0800fb88                __sfputs_r
 .text._vfprintf_r
                0x0800fbac      0x230 C:/ST/STM32CubeIDE_1.19.0/STM32CubeIDE/plugins/com.st.stm32cube.ide.mcu.externaltools.gnu-tools-for-stm32.13.3.rel1.win32_1.0.0.202411081344/tools/bin/../lib/gcc/arm-none-eabi/13.3.1/../../../../arm-none-eabi/lib/thumb/v7e-m+fp/hard\libc_nano.a(libc_a-nano-vfprintf.o)
                0x0800fbac                _vfprintf_r
                0x0800fbac                _vfiprintf_r
 .text.__swbuf_r
                0x0800fddc       0x7c C:/ST/STM32CubeIDE_1.19.0/STM32CubeIDE/plugins/com.st.stm32cube.ide.mcu.externaltools.gnu-tools-for-stm32.13.3.rel1.win32_1.0.0.202411081344/tools/bin/../lib/gcc/arm-none-eabi/13.3.1/../../../../arm-none-eabi/lib/thumb/v7e-m+fp/hard\libc_nano.a(libc_a-wbuf.o)
                0x0800fddc                __swbuf_r
 .text.__swsetup_r
                0x0800fe58       0xac C:/ST/STM32CubeIDE_1.19.0/STM32CubeIDE/plugins/com.st.stm32cube.ide.mcu.externaltools.gnu-tools-for-stm32.13.3.rel1.win32_1.0.0.202411081344/tools/bin/../lib/gcc/arm-none-eabi/13.3.1/../../../../arm-none-eabi/lib/thumb/v7e-m+fp/hard\libc_nano.a(libc_a-wsetup.o)
                0x0800fe58                __swsetup_r
 .text._raise_r
                0x0800ff04       0x50 C:/ST/STM32CubeIDE_1.19.0/STM32CubeIDE/plugins/com.st.stm32cube.ide.mcu.externaltools.gnu-tools-for-stm32.13.3.rel1.win32_1.0.0.202411081344/tools/bin/../lib/gcc/arm-none-eabi/13.3.1/../../../../arm-none-eabi/lib/thumb/v7e-m+fp/hard\libc_nano.a(libc_a-signal.o)
                0x0800ff04                _raise_r
 .text.raise    0x0800ff54       0x10 C:/ST/STM32CubeIDE_1.19.0/STM32CubeIDE/plugins/com.st.stm32cube.ide.mcu.externaltools.gnu-tools-for-stm32.13.3.rel1.win32_1.0.0.202411081344/tools/bin/../lib/gcc/arm-none-eabi/13.3.1/../../../../arm-none-eabi/lib/thumb/v7e-m+fp/hard\libc_nano.a(libc_a-signal.o)
                0x0800ff54                raise
 .text._kill_r  0x0800ff64       0x24 C:/ST/STM32CubeIDE_1.19.0/STM32CubeIDE/plugins/com.st.stm32cube.ide.mcu.externaltools.gnu-tools-for-stm32.13.3.rel1.win32_1.0.0.202411081344/tools/bin/../lib/gcc/arm-none-eabi/13.3.1/../../../../arm-none-eabi/lib/thumb/v7e-m+fp/hard\libc_nano.a(libc_a-signalr.o)
                0x0800ff64                _kill_r
 .text._getpid_r
                0x0800ff88        0x4 C:/ST/STM32CubeIDE_1.19.0/STM32CubeIDE/plugins/com.st.stm32cube.ide.mcu.externaltools.gnu-tools-for-stm32.13.3.rel1.win32_1.0.0.202411081344/tools/bin/../lib/gcc/arm-none-eabi/13.3.1/../../../../arm-none-eabi/lib/thumb/v7e-m+fp/hard\libc_nano.a(libc_a-signalr.o)
                0x0800ff88                _getpid_r
 .text.__swhatbuf_r
                0x0800ff8c       0x4c C:/ST/STM32CubeIDE_1.19.0/STM32CubeIDE/plugins/com.st.stm32cube.ide.mcu.externaltools.gnu-tools-for-stm32.13.3.rel1.win32_1.0.0.202411081344/tools/bin/../lib/gcc/arm-none-eabi/13.3.1/../../../../arm-none-eabi/lib/thumb/v7e-m+fp/hard\libc_nano.a(libc_a-makebuf.o)
                0x0800ff8c                __swhatbuf_r
 .text.__smakebuf_r
                0x0800ffd8       0x78 C:/ST/STM32CubeIDE_1.19.0/STM32CubeIDE/plugins/com.st.stm32cube.ide.mcu.externaltools.gnu-tools-for-stm32.13.3.rel1.win32_1.0.0.202411081344/tools/bin/../lib/gcc/arm-none-eabi/13.3.1/../../../../arm-none-eabi/lib/thumb/v7e-m+fp/hard\libc_nano.a(libc_a-makebuf.o)
                0x0800ffd8                __smakebuf_r
 .text._fstat_r
                0x08010050       0x24 C:/ST/STM32CubeIDE_1.19.0/STM32CubeIDE/plugins/com.st.stm32cube.ide.mcu.externaltools.gnu-tools-for-stm32.13.3.rel1.win32_1.0.0.202411081344/tools/bin/../lib/gcc/arm-none-eabi/13.3.1/../../../../arm-none-eabi/lib/thumb/v7e-m+fp/hard\libc_nano.a(libc_a-fstatr.o)
                0x08010050                _fstat_r
 .text._isatty_r
                0x08010074       0x20 C:/ST/STM32CubeIDE_1.19.0/STM32CubeIDE/plugins/com.st.stm32cube.ide.mcu.externaltools.gnu-tools-for-stm32.13.3.rel1.win32_1.0.0.202411081344/tools/bin/../lib/gcc/arm-none-eabi/13.3.1/../../../../arm-none-eabi/lib/thumb/v7e-m+fp/hard\libc_nano.a(libc_a-isattyr.o)
                0x08010074                _isatty_r
 .text.sqrtf    0x08010094       0x3c C:/ST/STM32CubeIDE_1.19.0/STM32CubeIDE/plugins/com.st.stm32cube.ide.mcu.externaltools.gnu-tools-for-stm32.13.3.rel1.win32_1.0.0.202411081344/tools/bin/../lib/gcc/arm-none-eabi/13.3.1/../../../../arm-none-eabi/lib/thumb/v7e-m+fp/hard\libm.a(libm_a-wf_sqrt.o)
                0x08010094                sqrtf
 .text.cosf     0x080100d0       0x88 C:/ST/STM32CubeIDE_1.19.0/STM32CubeIDE/plugins/com.st.stm32cube.ide.mcu.externaltools.gnu-tools-for-stm32.13.3.rel1.win32_1.0.0.202411081344/tools/bin/../lib/gcc/arm-none-eabi/13.3.1/../../../../arm-none-eabi/lib/thumb/v7e-m+fp/hard\libm.a(libm_a-sf_cos.o)
                0x080100d0                cosf
 .text.sinf     0x08010158       0x8c C:/ST/STM32CubeIDE_1.19.0/STM32CubeIDE/plugins/com.st.stm32cube.ide.mcu.externaltools.gnu-tools-for-stm32.13.3.rel1.win32_1.0.0.202411081344/tools/bin/../lib/gcc/arm-none-eabi/13.3.1/../../../../arm-none-eabi/lib/thumb/v7e-m+fp/hard\libm.a(libm_a-sf_sin.o)
                0x08010158                sinf
 .text.__ieee754_sqrtf
                0x080101e4        0x6 C:/ST/STM32CubeIDE_1.19.0/STM32CubeIDE/plugins/com.st.stm32cube.ide.mcu.externaltools.gnu-tools-for-stm32.13.3.rel1.win32_1.0.0.202411081344/tools/bin/../lib/gcc/arm-none-eabi/13.3.1/../../../../arm-none-eabi/lib/thumb/v7e-m+fp/hard\libm.a(libm_a-ef_sqrt.o)
                0x080101e4                __ieee754_sqrtf
 *fill*         0x080101ea        0x2 
 .text.__kernel_cosf
                0x080101ec       0xb0 C:/ST/STM32CubeIDE_1.19.0/STM32CubeIDE/plugins/com.st.stm32cube.ide.mcu.externaltools.gnu-tools-for-stm32.13.3.rel1.win32_1.0.0.202411081344/tools/bin/../lib/gcc/arm-none-eabi/13.3.1/../../../../arm-none-eabi/lib/thumb/v7e-m+fp/hard\libm.a(libm_a-kf_cos.o)
                0x080101ec                __kernel_cosf
 .text.__kernel_sinf
                0x0801029c       0x90 C:/ST/STM32CubeIDE_1.19.0/STM32CubeIDE/plugins/com.st.stm32cube.ide.mcu.externaltools.gnu-tools-for-stm32.13.3.rel1.win32_1.0.0.202411081344/tools/bin/../lib/gcc/arm-none-eabi/13.3.1/../../../../arm-none-eabi/lib/thumb/v7e-m+fp/hard\libm.a(libm_a-kf_sin.o)
                0x0801029c                __kernel_sinf
 .text.__ieee754_rem_pio2f
                0x0801032c      0x260 C:/ST/STM32CubeIDE_1.19.0/STM32CubeIDE/plugins/com.st.stm32cube.ide.mcu.externaltools.gnu-tools-for-stm32.13.3.rel1.win32_1.0.0.202411081344/tools/bin/../lib/gcc/arm-none-eabi/13.3.1/../../../../arm-none-eabi/lib/thumb/v7e-m+fp/hard\libm.a(libm_a-ef_rem_pio2.o)
                0x0801032c                __ieee754_rem_pio2f
 .text.fabsf    0x0801058c        0xe C:/ST/STM32CubeIDE_1.19.0/STM32CubeIDE/plugins/com.st.stm32cube.ide.mcu.externaltools.gnu-tools-for-stm32.13.3.rel1.win32_1.0.0.202411081344/tools/bin/../lib/gcc/arm-none-eabi/13.3.1/../../../../arm-none-eabi/lib/thumb/v7e-m+fp/hard\libm.a(libm_a-sf_fabs.o)
                0x0801058c                fabsf
 *fill*         0x0801059a        0x2 
 .text.scalbnf  0x0801059c       0xcc C:/ST/STM32CubeIDE_1.19.0/STM32CubeIDE/plugins/com.st.stm32cube.ide.mcu.externaltools.gnu-tools-for-stm32.13.3.rel1.win32_1.0.0.202411081344/tools/bin/../lib/gcc/arm-none-eabi/13.3.1/../../../../arm-none-eabi/lib/thumb/v7e-m+fp/hard\libm.a(libm_a-sf_scalbn.o)
                0x0801059c                scalbnf
 .text.__kernel_rem_pio2f
                0x08010668      0x4d0 C:/ST/STM32CubeIDE_1.19.0/STM32CubeIDE/plugins/com.st.stm32cube.ide.mcu.externaltools.gnu-tools-for-stm32.13.3.rel1.win32_1.0.0.202411081344/tools/bin/../lib/gcc/arm-none-eabi/13.3.1/../../../../arm-none-eabi/lib/thumb/v7e-m+fp/hard\libm.a(libm_a-kf_rem_pio2.o)
                0x08010668                __kernel_rem_pio2f
 .text.floorf   0x08010b38       0x88 C:/ST/STM32CubeIDE_1.19.0/STM32CubeIDE/plugins/com.st.stm32cube.ide.mcu.externaltools.gnu-tools-for-stm32.13.3.rel1.win32_1.0.0.202411081344/tools/bin/../lib/gcc/arm-none-eabi/13.3.1/../../../../arm-none-eabi/lib/thumb/v7e-m+fp/hard\libm.a(libm_a-sf_floor.o)
                0x08010b38                floorf
 *(.glue_7)
 .glue_7        0x08010bc0        0x0 linker stubs
 *(.glue_7t)
 .glue_7t       0x08010bc0        0x0 linker stubs
 *(.eh_frame)
 .eh_frame      0x08010bc0        0x0 C:/ST/STM32CubeIDE_1.19.0/STM32CubeIDE/plugins/com.st.stm32cube.ide.mcu.externaltools.gnu-tools-for-stm32.13.3.rel1.win32_1.0.0.202411081344/tools/bin/../lib/gcc/arm-none-eabi/13.3.1/thumb/v7e-m+fp/hard/crtbegin.o
 *(.init)
 .init          0x08010bc0        0x4 C:/ST/STM32CubeIDE_1.19.0/STM32CubeIDE/plugins/com.st.stm32cube.ide.mcu.externaltools.gnu-tools-for-stm32.13.3.rel1.win32_1.0.0.202411081344/tools/bin/../lib/gcc/arm-none-eabi/13.3.1/thumb/v7e-m+fp/hard/crti.o
                0x08010bc0                _init
 .init          0x08010bc4        0x8 C:/ST/STM32CubeIDE_1.19.0/STM32CubeIDE/plugins/com.st.stm32cube.ide.mcu.externaltools.gnu-tools-for-stm32.13.3.rel1.win32_1.0.0.202411081344/tools/bin/../lib/gcc/arm-none-eabi/13.3.1/thumb/v7e-m+fp/hard/crtn.o
 *(.fini)
 .fini          0x08010bcc        0x4 C:/ST/STM32CubeIDE_1.19.0/STM32CubeIDE/plugins/com.st.stm32cube.ide.mcu.externaltools.gnu-tools-for-stm32.13.3.rel1.win32_1.0.0.202411081344/tools/bin/../lib/gcc/arm-none-eabi/13.3.1/thumb/v7e-m+fp/hard/crti.o
                0x08010bcc                _fini
 .fini          0x08010bd0        0x8 C:/ST/STM32CubeIDE_1.19.0/STM32CubeIDE/plugins/com.st.stm32cube.ide.mcu.externaltools.gnu-tools-for-stm32.13.3.rel1.win32_1.0.0.202411081344/tools/bin/../lib/gcc/arm-none-eabi/13.3.1/thumb/v7e-m+fp/hard/crtn.o
                0x08010bd8                        . = ALIGN (0x4)
                0x08010bd8                        _etext = .

.vfp11_veneer   0x08010bd8        0x0
 .vfp11_veneer  0x08010bd8        0x0 linker stubs

.v4_bx          0x08010bd8        0x0
 .v4_bx         0x08010bd8        0x0 linker stubs

.iplt           0x08010bd8        0x0
 .iplt          0x08010bd8        0x0 C:/ST/STM32CubeIDE_1.19.0/STM32CubeIDE/plugins/com.st.stm32cube.ide.mcu.externaltools.gnu-tools-for-stm32.13.3.rel1.win32_1.0.0.202411081344/tools/bin/../lib/gcc/arm-none-eabi/13.3.1/thumb/v7e-m+fp/hard/crtbegin.o

.rodata         0x08010be0      0xe9c
                0x08010be0                        . = ALIGN (0x4)
 *(.rodata)
 .rodata        0x08010be0       0x1a ./Core/Src/accelerometer.o
 *fill*         0x08010bfa        0x2 
 .rodata        0x08010bfc       0x51 ./Core/Src/heartrate.o
 *fill*         0x08010c4d        0x3 
 .rodata        0x08010c50        0xf ./Core/Src/lcd.o
 *fill*         0x08010c5f        0x1 
 .rodata        0x08010c60       0x5c ./Core/Src/main.o
 .rodata        0x08010cbc       0xec ./Core/Src/pages.o
 .rodata        0x08010da8        0xd ./Core/Src/uart.o
 *fill*         0x08010db5        0x3 
 .rodata        0x08010db8       0xb0 ./Core/Src/workout_inference.o
 .rodata        0x08010e68       0x30 ./X-CUBE-AI/App/network_data.o
 *(.rodata*)
 .rodata.font5x7
                0x08010e98      0x1db ./Core/Src/lcd.o
 *fill*         0x08011073        0x1 
 .rodata.weightlift_icon
                0x08011074       0x14 ./Core/Src/pages.o
 .rodata.walking_icon
                0x08011088       0x14 ./Core/Src/pages.o
 .rodata.plank_icon
                0x0801109c       0x14 ./Core/Src/pages.o
 .rodata.jumpingjacks_icon
                0x080110b0       0x14 ./Core/Src/pages.o
 .rodata.squats_icon
                0x080110c4       0x14 ./Core/Src/pages.o
 .rodata.jumprope_icon
                0x080110d8       0x14 ./Core/Src/pages.o
 .rodata.AHBPrescTable
                0x080110ec       0x10 ./Core/Src/system_stm32f4xx.o
                0x080110ec                AHBPrescTable
 .rodata.APBPrescTable
                0x080110fc        0x8 ./Core/Src/system_stm32f4xx.o
                0x080110fc                APBPrescTable
 .rodata.__compound_literal.0
                0x08011104        0x4 ./X-CUBE-AI/App/network.o
 .rodata.__compound_literal.1
                0x08011108        0x1 ./X-CUBE-AI/App/network.o
 *fill*         0x08011109        0x3 
 .rodata.__compound_literal.2
                0x0801110c        0x8 ./X-CUBE-AI/App/network.o
 .rodata.conv2d_2_output_array_intq
                0x08011114        0x8 ./X-CUBE-AI/App/network.o
 .rodata.__compound_literal.3
                0x0801111c        0xc ./X-CUBE-AI/App/network.o
 .rodata.__compound_literal.4
                0x08011128        0x3 ./X-CUBE-AI/App/network.o
 *fill*         0x0801112b        0x1 
 .rodata.__compound_literal.5
                0x0801112c        0x8 ./X-CUBE-AI/App/network.o
 .rodata.conv2d_2_weights_array_intq
                0x08011134        0x8 ./X-CUBE-AI/App/network.o
 .rodata.__compound_literal.6
                0x0801113c        0x4 ./X-CUBE-AI/App/network.o
 .rodata.__compound_literal.7
                0x08011140        0x1 ./X-CUBE-AI/App/network.o
 *fill*         0x08011141        0x3 
 .rodata.__compound_literal.8
                0x08011144        0x8 ./X-CUBE-AI/App/network.o
 .rodata.conv2d_3_output_array_intq
                0x0801114c        0x8 ./X-CUBE-AI/App/network.o
 .rodata.__compound_literal.9
                0x08011154       0x20 ./X-CUBE-AI/App/network.o
 .rodata.__compound_literal.10
                0x08011174        0x8 ./X-CUBE-AI/App/network.o
 .rodata.__compound_literal.11
                0x0801117c        0x8 ./X-CUBE-AI/App/network.o
 .rodata.conv2d_3_weights_array_intq
                0x08011184        0x8 ./X-CUBE-AI/App/network.o
 .rodata.__compound_literal.12
                0x0801118c        0x4 ./X-CUBE-AI/App/network.o
 .rodata.__compound_literal.13
                0x08011190        0x1 ./X-CUBE-AI/App/network.o
 *fill*         0x08011191        0x3 
 .rodata.__compound_literal.14
                0x08011194        0x8 ./X-CUBE-AI/App/network.o
 .rodata.conversion_0_output_array_intq
                0x0801119c        0x8 ./X-CUBE-AI/App/network.o
 .rodata.__compound_literal.15
                0x080111a4        0x4 ./X-CUBE-AI/App/network.o
 .rodata.__compound_literal.16
                0x080111a8        0x1 ./X-CUBE-AI/App/network.o
 *fill*         0x080111a9        0x3 
 .rodata.__compound_literal.17
                0x080111ac        0x8 ./X-CUBE-AI/App/network.o
 .rodata.conversion_10_output_array_intq
                0x080111b4        0x8 ./X-CUBE-AI/App/network.o
 .rodata.__compound_literal.18
                0x080111bc        0x4 ./X-CUBE-AI/App/network.o
 .rodata.__compound_literal.19
                0x080111c0        0x1 ./X-CUBE-AI/App/network.o
 *fill*         0x080111c1        0x3 
 .rodata.__compound_literal.20
                0x080111c4        0x8 ./X-CUBE-AI/App/network.o
 .rodata.gemm_9_output_array_intq
                0x080111cc        0x8 ./X-CUBE-AI/App/network.o
 .rodata.__compound_literal.21
                0x080111d4       0x18 ./X-CUBE-AI/App/network.o
 .rodata.__compound_literal.22
                0x080111ec        0x6 ./X-CUBE-AI/App/network.o
 *fill*         0x080111f2        0x2 
 .rodata.__compound_literal.23
                0x080111f4        0x8 ./X-CUBE-AI/App/network.o
 .rodata.gemm_9_weights_array_intq
                0x080111fc        0x8 ./X-CUBE-AI/App/network.o
 .rodata.__compound_literal.24
                0x08011204        0x4 ./X-CUBE-AI/App/network.o
 .rodata.__compound_literal.25
                0x08011208        0x1 ./X-CUBE-AI/App/network.o
 *fill*         0x08011209        0x3 
 .rodata.__compound_literal.26
                0x0801120c        0x8 ./X-CUBE-AI/App/network.o
 .rodata.pool_6_output_array_intq